2026-10-01 17:03:05.170  WARN [worker-service] [traceId=NO_TRACE] [tenantId=default] [           main] org.hibernate.orm.deprecation            : HHH90000025: MySQLDialect does not need to be specified explicitly using 'hibernate.dialect' (remove the property setting and it will be selected by default)
2026-10-01 17:03:12.578  WARN [worker-service] [traceId=NO_TRACE] [tenantId=default] [           main] JpaBaseConfiguration$JpaWebConfiguration : spring.jpa.open-in-view is enabled by default. Therefore, database queries may be performed during view rendering. Explicitly configure spring.jpa.open-in-view to disable this warning
2026-10-01 17:03:12.709  WARN [worker-service] [traceId=NO_TRACE] [tenantId=default] [           main] .s.s.UserDetailsServiceAutoConfiguration : 

Using generated security password: 75d2ece9-7579-46a9-a736-e64110eaf69b

This generated password is for development use only. Your security configuration must be updated before running your application in production.

2026-10-01 17:03:39.449  WARN [worker-service] [traceId=NO_TRACE] [tenantId=default] [   scheduling-1] c.liochio.common.advice.LoggingAspect    : [SLOW_EXECUTION] com.liochio.worker.service.MailProcessingService.processPendingBatch() thực thi mất 22006 ms
2026-10-01 17:12:43.348  WARN [worker-service] [traceId=NO_TRACE] [tenantId=default] [   scheduling-1] c.liochio.common.advice.LoggingAspect    : [SLOW_EXECUTION] com.liochio.worker.service.MailProcessingService.processPendingBatch() thực thi mất 4960 ms
2026-10-01 18:38:44.648  WARN [worker-service] [traceId=NO_TRACE] [tenantId=default] [           main] org.hibernate.orm.deprecation            : HHH90000025: MySQLDialect does not need to be specified explicitly using 'hibernate.dialect' (remove the property setting and it will be selected by default)
2026-10-01 18:38:54.834  WARN [worker-service] [traceId=NO_TRACE] [tenantId=default] [           main] JpaBaseConfiguration$JpaWebConfiguration : spring.jpa.open-in-view is enabled by default. Therefore, database queries may be performed during view rendering. Explicitly configure spring.jpa.open-in-view to disable this warning
2026-10-01 18:38:55.123  WARN [worker-service] [traceId=NO_TRACE] [tenantId=default] [           main] .s.s.UserDetailsServiceAutoConfiguration : 

Using generated security password: 2e838d18-4ba3-4d51-8378-f510e67cdbe2

This generated password is for development use only. Your security configuration must be updated before running your application in production.

2026-10-01 20:35:00.769  WARN [worker-service] [traceId=NO_TRACE] [tenantId=default] [   scheduling-1] c.liochio.common.advice.LoggingAspect    : [SLOW_EXECUTION] com.liochio.worker.service.MailProcessingService.processPendingBatch() thực thi mất 8700 ms
2026-10-01 21:25:16.661  WARN [worker-service] [traceId=NO_TRACE] [tenantId=default] [   scheduling-1] c.liochio.common.advice.LoggingAspect    : [SLOW_EXECUTION] com.liochio.worker.service.MailProcessingService.processPendingBatch() thực thi mất 6629 ms
2026-10-01 23:47:36.113  WARN [worker-service] [traceId=NO_TRACE] [tenantId=default] [           main] org.hibernate.orm.deprecation            : HHH90000025: MySQLDialect does not need to be specified explicitly using 'hibernate.dialect' (remove the property setting and it will be selected by default)
2026-10-01 23:47:49.279  WARN [worker-service] [traceId=NO_TRACE] [tenantId=default] [           main] JpaBaseConfiguration$JpaWebConfiguration : spring.jpa.open-in-view is enabled by default. Therefore, database queries may be performed during view rendering. Explicitly configure spring.jpa.open-in-view to disable this warning
2026-10-01 23:47:49.380  WARN [worker-service] [traceId=NO_TRACE] [tenantId=default] [           main] .s.s.UserDetailsServiceAutoConfiguration : 

Using generated security password: 596feb41-6008-4f7a-9732-32b8e8549a1f

This generated password is for development use only. Your security configuration must be updated before running your application in production.

2026-10-01 23:51:51.888  WARN [worker-service] [traceId=NO_TRACE] [tenantId=default] [   scheduling-1] c.liochio.common.advice.LoggingAspect    : [SLOW_EXECUTION] com.liochio.worker.service.MailProcessingService.processPendingBatch() thực thi mất 8429 ms
