2026-09-08 20:50:47.132  INFO [worker-service] [traceId=NO_TRACE] [tenantId=default] [           main] c.l.worker.WorkerServiceApplication      : Starting WorkerServiceApplication v1.0.0-SNAPSHOT using Java 17.0.17 with PID 16676 (D:\Github\Back-end\Microservice\SpringBoot\worker-service\target\worker-service-1.0.0-SNAPSHOT.jar started by Liochio in D:\Github\Back-end\Microservice)
2026-09-08 20:50:47.136 DEBUG [worker-service] [traceId=NO_TRACE] [tenantId=default] [           main] c.l.worker.WorkerServiceApplication      : Running with Spring Boot v3.4.3, Spring v6.2.3
2026-09-08 20:50:47.138  INFO [worker-service] [traceId=NO_TRACE] [tenantId=default] [           main] c.l.worker.WorkerServiceApplication      : No active profile set, falling back to 1 default profile: "default"
2026-09-08 20:50:48.496  INFO [worker-service] [traceId=NO_TRACE] [tenantId=default] [           main] .s.d.r.c.RepositoryConfigurationDelegate : Multiple Spring Data modules found, entering strict repository configuration mode
2026-09-08 20:50:48.498  INFO [worker-service] [traceId=NO_TRACE] [tenantId=default] [           main] .s.d.r.c.RepositoryConfigurationDelegate : Bootstrapping Spring Data JPA repositories in DEFAULT mode.
2026-09-08 20:50:48.691  INFO [worker-service] [traceId=NO_TRACE] [tenantId=default] [           main] .s.d.r.c.RepositoryConfigurationDelegate : Finished Spring Data repository scanning in 176 ms. Found 9 JPA repository interfaces.
2026-09-08 20:50:49.197  INFO [worker-service] [traceId=NO_TRACE] [tenantId=default] [           main] .s.d.r.c.RepositoryConfigurationDelegate : Multiple Spring Data modules found, entering strict repository configuration mode
2026-09-08 20:50:49.199  INFO [worker-service] [traceId=NO_TRACE] [tenantId=default] [           main] .s.d.r.c.RepositoryConfigurationDelegate : Bootstrapping Spring Data Redis repositories in DEFAULT mode.
2026-09-08 20:50:49.238  INFO [worker-service] [traceId=NO_TRACE] [tenantId=default] [           main] .RepositoryConfigurationExtensionSupport : Spring Data Redis - Could not safely identify store assignment for repository candidate interface com.liochio.worker.repository.DlqMessageRepository; If you want this repository to be a Redis repository, consider annotating your entities with one of these annotations: org.springframework.data.redis.core.RedisHash (preferred), or consider extending one of the following types with your repository: org.springframework.data.keyvalue.repository.KeyValueRepository
2026-09-08 20:50:49.240  INFO [worker-service] [traceId=NO_TRACE] [tenantId=default] [           main] .RepositoryConfigurationExtensionSupport : Spring Data Redis - Could not safely identify store assignment for repository candidate interface com.liochio.worker.repository.MailLogRepository; If you want this repository to be a Redis repository, consider annotating your entities with one of these annotations: org.springframework.data.redis.core.RedisHash (preferred), or consider extending one of the following types with your repository: org.springframework.data.keyvalue.repository.KeyValueRepository
2026-09-08 20:50:49.241  INFO [worker-service] [traceId=NO_TRACE] [tenantId=default] [           main] .RepositoryConfigurationExtensionSupport : Spring Data Redis - Could not safely identify store assignment for repository candidate interface com.liochio.worker.repository.MessageTemplateRepository; If you want this repository to be a Redis repository, consider annotating your entities with one of these annotations: org.springframework.data.redis.core.RedisHash (preferred), or consider extending one of the following types with your repository: org.springframework.data.keyvalue.repository.KeyValueRepository
2026-09-08 20:50:49.242  INFO [worker-service] [traceId=NO_TRACE] [tenantId=default] [           main] .RepositoryConfigurationExtensionSupport : Spring Data Redis - Could not safely identify store assignment for repository candidate interface com.liochio.worker.repository.NotificationRuleRepository; If you want this repository to be a Redis repository, consider annotating your entities with one of these annotations: org.springframework.data.redis.core.RedisHash (preferred), or consider extending one of the following types with your repository: org.springframework.data.keyvalue.repository.KeyValueRepository
2026-09-08 20:50:49.242  INFO [worker-service] [traceId=NO_TRACE] [tenantId=default] [           main] .s.d.r.c.RepositoryConfigurationDelegate : Finished Spring Data repository scanning in 29 ms. Found 0 Redis repository interfaces.
2026-09-08 20:50:49.823  INFO [worker-service] [traceId=NO_TRACE] [tenantId=default] [           main] o.s.cloud.context.scope.GenericScope     : BeanFactory id=5f37bf7e-0967-305d-9957-1d36d368d3c9
2026-09-08 20:50:51.169  INFO [worker-service] [traceId=NO_TRACE] [tenantId=default] [           main] o.s.b.w.embedded.tomcat.TomcatWebServer  : Tomcat initialized with port 8095 (http)
2026-09-08 20:50:51.193  INFO [worker-service] [traceId=NO_TRACE] [tenantId=default] [           main] o.apache.catalina.core.StandardService   : Starting service [Tomcat]
2026-09-08 20:50:51.193  INFO [worker-service] [traceId=NO_TRACE] [tenantId=default] [           main] o.apache.catalina.core.StandardEngine    : Starting Servlet engine: [Apache Tomcat/10.1.36]
2026-09-08 20:50:51.255  INFO [worker-service] [traceId=NO_TRACE] [tenantId=default] [           main] o.a.c.c.C.[Tomcat].[localhost].[/]       : Initializing Spring embedded WebApplicationContext
2026-09-08 20:50:51.256  INFO [worker-service] [traceId=NO_TRACE] [tenantId=default] [           main] w.s.c.ServletWebServerApplicationContext : Root WebApplicationContext: initialization completed in 4026 ms
2026-09-08 20:50:51.754  INFO [worker-service] [traceId=NO_TRACE] [tenantId=default] [           main] o.hibernate.jpa.internal.util.LogHelper  : HHH000204: Processing PersistenceUnitInfo [name: default]
2026-09-08 20:50:51.969  INFO [worker-service] [traceId=NO_TRACE] [tenantId=default] [           main] org.hibernate.Version                    : HHH000412: Hibernate ORM core version 6.6.8.Final
2026-09-08 20:50:52.058  INFO [worker-service] [traceId=NO_TRACE] [tenantId=default] [           main] o.h.c.internal.RegionFactoryInitiator    : HHH000026: Second-level cache disabled
2026-09-08 20:50:52.598  INFO [worker-service] [traceId=NO_TRACE] [tenantId=default] [           main] o.s.o.j.p.SpringPersistenceUnitInfo      : No LoadTimeWeaver setup: ignoring JPA class transformer
2026-09-08 20:50:52.673  INFO [worker-service] [traceId=NO_TRACE] [tenantId=default] [           main] com.zaxxer.hikari.HikariDataSource       : HikariPool-1 - Starting...
2026-09-08 20:50:52.994  INFO [worker-service] [traceId=NO_TRACE] [tenantId=default] [           main] com.zaxxer.hikari.pool.HikariPool        : HikariPool-1 - Added connection com.mysql.cj.jdbc.ConnectionImpl@576a8b00
2026-09-08 20:50:53.000  INFO [worker-service] [traceId=NO_TRACE] [tenantId=default] [           main] com.zaxxer.hikari.HikariDataSource       : HikariPool-1 - Start completed.
2026-09-08 20:50:53.091  WARN [worker-service] [traceId=NO_TRACE] [tenantId=default] [           main] org.hibernate.orm.deprecation            : HHH90000025: MySQLDialect does not need to be specified explicitly using 'hibernate.dialect' (remove the property setting and it will be selected by default)
2026-09-08 20:50:53.130  INFO [worker-service] [traceId=NO_TRACE] [tenantId=default] [           main] org.hibernate.orm.connections.pooling    : HHH10001005: Database info:
	Database JDBC URL [Connecting through datasource 'HikariDataSource (HikariPool-1)']
	Database driver: undefined/unknown
	Database version: 8.0.33
	Autocommit mode: undefined/unknown
	Isolation level: undefined/unknown
	Minimum pool size: undefined/unknown
	Maximum pool size: undefined/unknown
2026-09-08 20:50:54.937  INFO [worker-service] [traceId=NO_TRACE] [tenantId=default] [           main] o.h.e.t.j.p.i.JtaPlatformInitiator       : HHH000489: No JTA platform available (set 'hibernate.transaction.jta.platform' to enable JTA platform integration)
2026-09-08 20:50:55.039  INFO [worker-service] [traceId=NO_TRACE] [tenantId=default] [           main] j.LocalContainerEntityManagerFactoryBean : Initialized JPA EntityManagerFactory for persistence unit 'default'
2026-09-08 20:50:55.658  INFO [worker-service] [traceId=NO_TRACE] [tenantId=default] [           main] com.liochio.common.security.JwtUtils     : [JwtUtils] Loaded RSA Private Key successfully from classpath:certs/rsa-private.pem
2026-09-08 20:50:55.660  INFO [worker-service] [traceId=NO_TRACE] [tenantId=default] [           main] com.liochio.common.security.JwtUtils     : [JwtUtils] Loaded RSA Public Key successfully from classpath:certs/rsa-public.pem
2026-09-08 20:50:56.335 DEBUG [worker-service] [traceId=NO_TRACE] [tenantId=default] [           main] c.l.c.security.JwtAuthenticationFilter   : Filter 'jwtAuthenticationFilter' configured for use
2026-09-08 20:50:56.335 DEBUG [worker-service] [traceId=NO_TRACE] [tenantId=default] [           main] c.liochio.common.filter.MdcTraceFilter   : Filter 'mdcTraceFilter' configured for use
2026-09-08 20:50:56.336 DEBUG [worker-service] [traceId=NO_TRACE] [tenantId=default] [           main] com.liochio.common.filter.TenantFilter   : Filter 'tenantFilter' configured for use
2026-09-08 20:50:56.336 DEBUG [worker-service] [traceId=NO_TRACE] [tenantId=default] [           main] c.l.common.filter.AuditLoggingFilter     : Filter 'auditLoggingFilter' configured for use
2026-09-08 20:50:57.029  INFO [worker-service] [traceId=NO_TRACE] [tenantId=default] [           main] o.s.d.j.r.query.QueryEnhancerFactory     : Hibernate is in classpath; If applicable, HQL parser will be used.
2026-09-08 20:50:58.053  WARN [worker-service] [traceId=NO_TRACE] [tenantId=default] [           main] JpaBaseConfiguration$JpaWebConfiguration : spring.jpa.open-in-view is enabled by default. Therefore, database queries may be performed during view rendering. Explicitly configure spring.jpa.open-in-view to disable this warning
2026-09-08 20:50:58.158  WARN [worker-service] [traceId=NO_TRACE] [tenantId=default] [           main] .s.s.UserDetailsServiceAutoConfiguration : 

Using generated security password: 562286a4-340c-44b8-a625-6ac3ef5a03d4

This generated password is for development use only. Your security configuration must be updated before running your application in production.

2026-09-08 20:50:58.196  INFO [worker-service] [traceId=NO_TRACE] [tenantId=default] [           main] r$InitializeUserDetailsManagerConfigurer : Global AuthenticationManager configured with UserDetailsService bean with name inMemoryUserDetailsManager
2026-09-08 20:51:02.643  INFO [worker-service] [traceId=NO_TRACE] [tenantId=default] [           main] o.s.cloud.commons.util.InetUtils         : Cannot determine local hostname
2026-09-08 20:51:02.727  INFO [worker-service] [traceId=NO_TRACE] [tenantId=default] [           main] DiscoveryClientOptionalArgsConfiguration : Eureka HTTP Client uses RestTemplate.
2026-09-08 20:51:03.070  INFO [worker-service] [traceId=NO_TRACE] [tenantId=default] [           main] o.s.b.w.embedded.tomcat.TomcatWebServer  : Tomcat started on port 8095 (http) with context path '/'
2026-09-08 20:51:04.202  INFO [worker-service] [traceId=NO_TRACE] [tenantId=default] [           main] o.s.cloud.commons.util.InetUtils         : Cannot determine local hostname
2026-09-08 20:51:04.235  INFO [worker-service] [traceId=NO_TRACE] [tenantId=default] [           main] c.l.worker.WorkerServiceApplication      : Started WorkerServiceApplication in 19.295 seconds (process running for 19.998)
2026-09-08 20:51:04.532 DEBUG [worker-service] [traceId=NO_TRACE] [tenantId=default] [   scheduling-1] c.liochio.common.advice.LoggingAspect    : [EXECUTION] com.liochio.worker.service.MailProcessingService.processPendingBatch() hoàn tất trong 216 ms
2026-09-08 20:51:04.550 DEBUG [worker-service] [traceId=NO_TRACE] [tenantId=default] [   scheduling-1] c.liochio.common.advice.LoggingAspect    : [EXECUTION] com.liochio.worker.service.OutboxProcessingService.processPendingOutboxEvents() hoàn tất trong 5 ms
2026-09-08 20:51:09.558 DEBUG [worker-service] [traceId=NO_TRACE] [tenantId=default] [   scheduling-1] c.liochio.common.advice.LoggingAspect    : [EXECUTION] com.liochio.worker.service.MailProcessingService.processPendingBatch() hoàn tất trong 2 ms
2026-09-08 20:51:09.565 DEBUG [worker-service] [traceId=NO_TRACE] [tenantId=default] [   scheduling-1] c.liochio.common.advice.LoggingAspect    : [EXECUTION] com.liochio.worker.service.OutboxProcessingService.processPendingOutboxEvents() hoàn tất trong 1 ms
2026-09-08 20:51:14.670 DEBUG [worker-service] [traceId=NO_TRACE] [tenantId=default] [   scheduling-1] c.liochio.common.advice.LoggingAspect    : [EXECUTION] com.liochio.worker.service.MailProcessingService.processPendingBatch() hoàn tất trong 11 ms
2026-09-08 20:51:14.857 DEBUG [worker-service] [traceId=NO_TRACE] [tenantId=default] [   scheduling-1] c.liochio.common.advice.LoggingAspect    : [EXECUTION] com.liochio.worker.service.OutboxProcessingService.processPendingOutboxEvents() hoàn tất trong 2 ms
2026-09-08 20:51:19.872 DEBUG [worker-service] [traceId=NO_TRACE] [tenantId=default] [   scheduling-1] c.liochio.common.advice.LoggingAspect    : [EXECUTION] com.liochio.worker.service.MailProcessingService.processPendingBatch() hoàn tất trong 1 ms
2026-09-08 20:51:19.944 DEBUG [worker-service] [traceId=NO_TRACE] [tenantId=default] [   scheduling-1] c.liochio.common.advice.LoggingAspect    : [EXECUTION] com.liochio.worker.service.OutboxProcessingService.processPendingOutboxEvents() hoàn tất trong 1 ms
2026-09-08 20:51:24.895 DEBUG [worker-service] [traceId=NO_TRACE] [tenantId=default] [   scheduling-1] c.liochio.common.advice.LoggingAspect    : [EXECUTION] com.liochio.worker.service.MailProcessingService.processPendingBatch() hoàn tất trong 4 ms
2026-09-08 20:51:24.963 DEBUG [worker-service] [traceId=NO_TRACE] [tenantId=default] [   scheduling-1] c.liochio.common.advice.LoggingAspect    : [EXECUTION] com.liochio.worker.service.OutboxProcessingService.processPendingOutboxEvents() hoàn tất trong 1 ms
2026-09-08 20:51:28.899  INFO [worker-service] [traceId=NO_TRACE] [tenantId=default] [nio-8095-exec-1] o.a.c.c.C.[Tomcat].[localhost].[/]       : Initializing Spring DispatcherServlet 'dispatcherServlet'
2026-09-08 20:51:28.901  INFO [worker-service] [traceId=NO_TRACE] [tenantId=default] [nio-8095-exec-1] o.s.web.servlet.DispatcherServlet        : Initializing Servlet 'dispatcherServlet'
2026-09-08 20:51:28.904  INFO [worker-service] [traceId=NO_TRACE] [tenantId=default] [nio-8095-exec-1] o.s.web.servlet.DispatcherServlet        : Completed initialization in 3 ms
2026-09-08 20:51:28.913 DEBUG [worker-service] [traceId=c259f5da69264b56] [tenantId=default] [nio-8095-exec-1] com.liochio.common.filter.TenantFilter   : [TenantFilter] Đã nạp Tenant ID: 'default' cho URI: /api/v1/worker/alerts/send-test
2026-09-08 20:51:29.016  INFO [worker-service] [traceId=c259f5da69264b56] [tenantId=default] [nio-8095-exec-1] c.l.worker.service.TelegramAlertService  : 
================================================================================
🚨 [SYSTEM ALERT DISPATCHER] ĐÃ PHÁT CẢNH BÁO AN NINH & SỰ CỐ
   -> Tiêu đề     : CẢNH BÁO KIỂM THỬ HỆ THỐNG
   -> Phân hệ     : WORKER_ALERT_ENGINE
   -> Trace ID    : trace_alert_test
   -> Telegram ID : (Console Logger Mode)
================================================================================
2026-09-08 20:51:29.016  INFO [worker-service] [traceId=c259f5da69264b56] [tenantId=default] [nio-8095-exec-1] c.l.worker.service.TelegramAlertService  : [TelegramAlertService] Chưa cấu hình Telegram Bot Token/Chat ID (Đã lưu vết vào file log và DB)
2026-09-08 20:51:29.016 DEBUG [worker-service] [traceId=c259f5da69264b56] [tenantId=default] [nio-8095-exec-1] c.liochio.common.advice.LoggingAspect    : [EXECUTION] com.liochio.worker.service.TelegramAlertService.sendCriticalAlert() hoàn tất trong 8 ms
2026-09-08 20:51:29.018 DEBUG [worker-service] [traceId=c259f5da69264b56] [tenantId=default] [nio-8095-exec-1] c.liochio.common.advice.LoggingAspect    : [EXECUTION] com.liochio.worker.controller.WorkerController.sendTestAlert() hoàn tất trong 10 ms
2026-09-08 20:51:29.190 DEBUG [worker-service] [traceId=087cde7fb930408b] [tenantId=default] [nio-8095-exec-2] com.liochio.common.filter.TenantFilter   : [TenantFilter] Đã nạp Tenant ID: 'default' cho URI: /api/v1/worker/partitions/status
2026-09-08 20:51:29.199 DEBUG [worker-service] [traceId=087cde7fb930408b] [tenantId=default] [nio-8095-exec-2] c.liochio.common.advice.LoggingAspect    : [EXECUTION] com.liochio.worker.controller.WorkerController.getPartitionStatus() hoàn tất trong 6 ms
2026-09-08 20:51:29.910 DEBUG [worker-service] [traceId=NO_TRACE] [tenantId=default] [   scheduling-1] c.liochio.common.advice.LoggingAspect    : [EXECUTION] com.liochio.worker.service.MailProcessingService.processPendingBatch() hoàn tất trong 2 ms
2026-09-08 20:51:29.985 DEBUG [worker-service] [traceId=NO_TRACE] [tenantId=default] [   scheduling-1] c.liochio.common.advice.LoggingAspect    : [EXECUTION] com.liochio.worker.service.OutboxProcessingService.processPendingOutboxEvents() hoàn tất trong 1 ms
2026-09-08 20:51:34.933 DEBUG [worker-service] [traceId=NO_TRACE] [tenantId=default] [   scheduling-1] c.liochio.common.advice.LoggingAspect    : [EXECUTION] com.liochio.worker.service.MailProcessingService.processPendingBatch() hoàn tất trong 3 ms
2026-09-08 20:51:34.994 DEBUG [worker-service] [traceId=NO_TRACE] [tenantId=default] [   scheduling-1] c.liochio.common.advice.LoggingAspect    : [EXECUTION] com.liochio.worker.service.OutboxProcessingService.processPendingOutboxEvents() hoàn tất trong 0 ms
2026-09-08 20:51:39.946 DEBUG [worker-service] [traceId=NO_TRACE] [tenantId=default] [   scheduling-1] c.liochio.common.advice.LoggingAspect    : [EXECUTION] com.liochio.worker.service.MailProcessingService.processPendingBatch() hoàn tất trong 4 ms
2026-09-08 20:51:40.007 DEBUG [worker-service] [traceId=NO_TRACE] [tenantId=default] [   scheduling-1] c.liochio.common.advice.LoggingAspect    : [EXECUTION] com.liochio.worker.service.OutboxProcessingService.processPendingOutboxEvents() hoàn tất trong 1 ms
2026-09-08 20:51:43.068 DEBUG [worker-service] [traceId=184d0f35ab0b49ad] [tenantId=default] [nio-8095-exec-3] com.liochio.common.filter.TenantFilter   : [TenantFilter] Đã nạp Tenant ID: 'default' cho URI: /api/v1/worker/alerts/send-test
2026-09-08 20:51:43.070  INFO [worker-service] [traceId=184d0f35ab0b49ad] [tenantId=default] [nio-8095-exec-3] c.l.worker.service.TelegramAlertService  : 
================================================================================
🚨 [SYSTEM ALERT DISPATCHER] ĐÃ PHÁT CẢNH BÁO AN NINH & SỰ CỐ
   -> Tiêu đề     : CẢNH BÁO KIỂM THỬ HỆ THỐNG
   -> Phân hệ     : WORKER_ALERT_ENGINE
   -> Trace ID    : trace_alert_test
   -> Telegram ID : (Console Logger Mode)
================================================================================
2026-09-08 20:51:43.071  INFO [worker-service] [traceId=184d0f35ab0b49ad] [tenantId=default] [nio-8095-exec-3] c.l.worker.service.TelegramAlertService  : [TelegramAlertService] Chưa cấu hình Telegram Bot Token/Chat ID (Đã lưu vết vào file log và DB)
2026-09-08 20:51:43.071 DEBUG [worker-service] [traceId=184d0f35ab0b49ad] [tenantId=default] [nio-8095-exec-3] c.liochio.common.advice.LoggingAspect    : [EXECUTION] com.liochio.worker.service.TelegramAlertService.sendCriticalAlert() hoàn tất trong 2 ms
2026-09-08 20:51:43.072 DEBUG [worker-service] [traceId=184d0f35ab0b49ad] [tenantId=default] [nio-8095-exec-3] c.liochio.common.advice.LoggingAspect    : [EXECUTION] com.liochio.worker.controller.WorkerController.sendTestAlert() hoàn tất trong 3 ms
2026-09-08 20:51:43.080 DEBUG [worker-service] [traceId=b2d8d426cb5a4361] [tenantId=default] [nio-8095-exec-4] com.liochio.common.filter.TenantFilter   : [TenantFilter] Đã nạp Tenant ID: 'default' cho URI: /api/v1/worker/partitions/status
2026-09-08 20:51:43.085 DEBUG [worker-service] [traceId=b2d8d426cb5a4361] [tenantId=default] [nio-8095-exec-4] c.liochio.common.advice.LoggingAspect    : [EXECUTION] com.liochio.worker.controller.WorkerController.getPartitionStatus() hoàn tất trong 3 ms
2026-09-08 20:51:44.965 DEBUG [worker-service] [traceId=NO_TRACE] [tenantId=default] [   scheduling-1] c.liochio.common.advice.LoggingAspect    : [EXECUTION] com.liochio.worker.service.MailProcessingService.processPendingBatch() hoàn tất trong 3 ms
2026-09-08 20:51:45.024 DEBUG [worker-service] [traceId=NO_TRACE] [tenantId=default] [   scheduling-1] c.liochio.common.advice.LoggingAspect    : [EXECUTION] com.liochio.worker.service.OutboxProcessingService.processPendingOutboxEvents() hoàn tất trong 0 ms
2026-09-08 20:51:49.986 DEBUG [worker-service] [traceId=NO_TRACE] [tenantId=default] [   scheduling-1] c.liochio.common.advice.LoggingAspect    : [EXECUTION] com.liochio.worker.service.MailProcessingService.processPendingBatch() hoàn tất trong 2 ms
2026-09-08 20:51:50.046 DEBUG [worker-service] [traceId=NO_TRACE] [tenantId=default] [   scheduling-1] c.liochio.common.advice.LoggingAspect    : [EXECUTION] com.liochio.worker.service.OutboxProcessingService.processPendingOutboxEvents() hoàn tất trong 1 ms
2026-09-08 20:51:55.009 DEBUG [worker-service] [traceId=NO_TRACE] [tenantId=default] [   scheduling-1] c.liochio.common.advice.LoggingAspect    : [EXECUTION] com.liochio.worker.service.MailProcessingService.processPendingBatch() hoàn tất trong 1 ms
2026-09-08 20:51:55.055 DEBUG [worker-service] [traceId=NO_TRACE] [tenantId=default] [   scheduling-1] c.liochio.common.advice.LoggingAspect    : [EXECUTION] com.liochio.worker.service.OutboxProcessingService.processPendingOutboxEvents() hoàn tất trong 2 ms
2026-09-08 20:52:00.034 DEBUG [worker-service] [traceId=NO_TRACE] [tenantId=default] [   scheduling-1] c.liochio.common.advice.LoggingAspect    : [EXECUTION] com.liochio.worker.service.MailProcessingService.processPendingBatch() hoàn tất trong 5 ms
2026-09-08 20:52:00.075 DEBUG [worker-service] [traceId=NO_TRACE] [tenantId=default] [   scheduling-1] c.liochio.common.advice.LoggingAspect    : [EXECUTION] com.liochio.worker.service.OutboxProcessingService.processPendingOutboxEvents() hoàn tất trong 2 ms
2026-09-08 20:52:05.057 DEBUG [worker-service] [traceId=NO_TRACE] [tenantId=default] [   scheduling-1] c.liochio.common.advice.LoggingAspect    : [EXECUTION] com.liochio.worker.service.MailProcessingService.processPendingBatch() hoàn tất trong 1 ms
2026-09-08 20:52:05.087 DEBUG [worker-service] [traceId=NO_TRACE] [tenantId=default] [   scheduling-1] c.liochio.common.advice.LoggingAspect    : [EXECUTION] com.liochio.worker.service.OutboxProcessingService.processPendingOutboxEvents() hoàn tất trong 1 ms
2026-09-08 20:52:10.076 DEBUG [worker-service] [traceId=NO_TRACE] [tenantId=default] [   scheduling-1] c.liochio.common.advice.LoggingAspect    : [EXECUTION] com.liochio.worker.service.MailProcessingService.processPendingBatch() hoàn tất trong 2 ms
2026-09-08 20:52:10.106 DEBUG [worker-service] [traceId=NO_TRACE] [tenantId=default] [   scheduling-1] c.liochio.common.advice.LoggingAspect    : [EXECUTION] com.liochio.worker.service.OutboxProcessingService.processPendingOutboxEvents() hoàn tất trong 0 ms
