2026-10-02 00:00:00.017  INFO [worker-service] [traceId=NO_TRACE] [tenantId=default] [   scheduling-1] com.liochio.worker.job.HousekeepingJob   : [HousekeepingJob] [CRON] Thực thi dọn dẹp dữ liệu rác...
2026-10-02 00:00:00.030  INFO [worker-service] [traceId=NO_TRACE] [tenantId=default] [   scheduling-1] c.l.worker.service.HousekeepingService   : [HousekeepingService] Khởi động tác vụ dọn dẹp dữ liệu rác định kỳ...
2026-10-02 00:00:00.117 DEBUG [worker-service] [traceId=NO_TRACE] [tenantId=default] [   scheduling-1] c.l.worker.service.HousekeepingService   : [HousekeepingService] Dọn OTP bỏ qua: StatementCallback; bad SQL grammar [DELETE FROM liochio_core_db.otps WHERE expires_at < NOW() AND status != 'PENDING']
2026-10-02 00:00:00.123  INFO [worker-service] [traceId=NO_TRACE] [tenantId=default] [   scheduling-1] c.l.worker.service.HousekeepingService   : [HousekeepingService] ✅ Dọn dẹp hoàn tất: 0 OTPs, 0 Idempotency Keys, 0 DLQs
2026-10-02 00:00:00.203 DEBUG [worker-service] [traceId=NO_TRACE] [tenantId=default] [   scheduling-1] c.liochio.common.advice.LoggingAspect    : [EXECUTION] com.liochio.worker.service.HousekeepingService.runCleanup() hoàn tất trong 174 ms
2026-10-02 00:00:00.215  INFO [worker-service] [traceId=NO_TRACE] [tenantId=default] [   scheduling-1] c.l.worker.job.LedgerReconciliationJob   : [LedgerReconciliationJob] [CRON] Bắt đầu phiên đối soát tự động cuối ngày...
2026-10-02 00:00:00.215  INFO [worker-service] [traceId=NO_TRACE] [tenantId=default] [   scheduling-1] c.l.w.s.LedgerReconciliationService      : [LedgerReconciliationService] Bắt đầu phiên đối soát Sổ cái kép (EOD Audit)...
2026-10-02 00:00:00.295  INFO [worker-service] [traceId=NO_TRACE] [tenantId=default] [   scheduling-1] c.l.w.s.LedgerReconciliationService      : [LedgerReconciliationService] Kết quả đối soát: Status=BALANCED, Debit=100000000000.00, Credit=100000000000.00, Lệch=0.00
2026-10-02 00:00:00.297 DEBUG [worker-service] [traceId=NO_TRACE] [tenantId=default] [   scheduling-1] c.liochio.common.advice.LoggingAspect    : [EXECUTION] com.liochio.worker.service.LedgerReconciliationService.performAudit() hoàn tất trong 82 ms
2026-10-02 00:00:02.781 DEBUG [worker-service] [traceId=NO_TRACE] [tenantId=default] [   scheduling-1] c.liochio.common.advice.LoggingAspect    : [EXECUTION] com.liochio.worker.service.MailProcessingService.processPendingBatch() hoàn tất trong 2 ms
2026-10-02 00:00:02.788 DEBUG [worker-service] [traceId=NO_TRACE] [tenantId=default] [   scheduling-1] c.liochio.common.advice.LoggingAspect    : [EXECUTION] com.liochio.worker.service.OutboxProcessingService.processPendingOutboxEvents() hoàn tất trong 0 ms
2026-10-02 00:00:07.806 DEBUG [worker-service] [traceId=NO_TRACE] [tenantId=default] [   scheduling-1] c.liochio.common.advice.LoggingAspect    : [EXECUTION] com.liochio.worker.service.MailProcessingService.processPendingBatch() hoàn tất trong 3 ms
2026-10-02 00:00:07.813 DEBUG [worker-service] [traceId=NO_TRACE] [tenantId=default] [   scheduling-1] c.liochio.common.advice.LoggingAspect    : [EXECUTION] com.liochio.worker.service.OutboxProcessingService.processPendingOutboxEvents() hoàn tất trong 1 ms
2026-10-02 00:00:13.681 DEBUG [worker-service] [traceId=NO_TRACE] [tenantId=default] [   scheduling-1] c.liochio.common.advice.LoggingAspect    : [EXECUTION] com.liochio.worker.service.MailProcessingService.processPendingBatch() hoàn tất trong 4 ms
2026-10-02 00:00:16.238 DEBUG [worker-service] [traceId=NO_TRACE] [tenantId=default] [   scheduling-1] c.liochio.common.advice.LoggingAspect    : [EXECUTION] com.liochio.worker.service.OutboxProcessingService.processPendingOutboxEvents() hoàn tất trong 4 ms
2026-10-02 00:00:20.702 DEBUG [worker-service] [traceId=NO_TRACE] [tenantId=default] [   scheduling-1] c.liochio.common.advice.LoggingAspect    : [EXECUTION] com.liochio.worker.service.MailProcessingService.processPendingBatch() hoàn tất trong 1 ms
2026-10-02 00:00:21.269 DEBUG [worker-service] [traceId=NO_TRACE] [tenantId=default] [   scheduling-1] c.liochio.common.advice.LoggingAspect    : [EXECUTION] com.liochio.worker.service.OutboxProcessingService.processPendingOutboxEvents() hoàn tất trong 0 ms
2026-10-02 00:00:25.719 DEBUG [worker-service] [traceId=NO_TRACE] [tenantId=default] [   scheduling-1] c.liochio.common.advice.LoggingAspect    : [EXECUTION] com.liochio.worker.service.MailProcessingService.processPendingBatch() hoàn tất trong 2 ms
2026-10-02 00:00:26.279 DEBUG [worker-service] [traceId=NO_TRACE] [tenantId=default] [   scheduling-1] c.liochio.common.advice.LoggingAspect    : [EXECUTION] com.liochio.worker.service.OutboxProcessingService.processPendingOutboxEvents() hoàn tất trong 0 ms
2026-10-02 00:00:30.730 DEBUG [worker-service] [traceId=NO_TRACE] [tenantId=default] [   scheduling-1] c.liochio.common.advice.LoggingAspect    : [EXECUTION] com.liochio.worker.service.MailProcessingService.processPendingBatch() hoàn tất trong 1 ms
2026-10-02 00:00:31.299 DEBUG [worker-service] [traceId=NO_TRACE] [tenantId=default] [   scheduling-1] c.liochio.common.advice.LoggingAspect    : [EXECUTION] com.liochio.worker.service.OutboxProcessingService.processPendingOutboxEvents() hoàn tất trong 1 ms
2026-10-02 00:00:35.754 DEBUG [worker-service] [traceId=NO_TRACE] [tenantId=default] [   scheduling-1] c.liochio.common.advice.LoggingAspect    : [EXECUTION] com.liochio.worker.service.MailProcessingService.processPendingBatch() hoàn tất trong 0 ms
2026-10-02 00:00:36.317 DEBUG [worker-service] [traceId=NO_TRACE] [tenantId=default] [   scheduling-1] c.liochio.common.advice.LoggingAspect    : [EXECUTION] com.liochio.worker.service.OutboxProcessingService.processPendingOutboxEvents() hoàn tất trong 1 ms
2026-10-02 00:00:40.776 DEBUG [worker-service] [traceId=NO_TRACE] [tenantId=default] [   scheduling-1] c.liochio.common.advice.LoggingAspect    : [EXECUTION] com.liochio.worker.service.MailProcessingService.processPendingBatch() hoàn tất trong 2 ms
2026-10-02 00:00:41.334 DEBUG [worker-service] [traceId=NO_TRACE] [tenantId=default] [   scheduling-1] c.liochio.common.advice.LoggingAspect    : [EXECUTION] com.liochio.worker.service.OutboxProcessingService.processPendingOutboxEvents() hoàn tất trong 0 ms
2026-10-02 00:00:45.795 DEBUG [worker-service] [traceId=NO_TRACE] [tenantId=default] [   scheduling-1] c.liochio.common.advice.LoggingAspect    : [EXECUTION] com.liochio.worker.service.MailProcessingService.processPendingBatch() hoàn tất trong 2 ms
2026-10-02 00:00:46.352 DEBUG [worker-service] [traceId=NO_TRACE] [tenantId=default] [   scheduling-1] c.liochio.common.advice.LoggingAspect    : [EXECUTION] com.liochio.worker.service.OutboxProcessingService.processPendingOutboxEvents() hoàn tất trong 2 ms
2026-10-02 00:00:50.810 DEBUG [worker-service] [traceId=NO_TRACE] [tenantId=default] [   scheduling-1] c.liochio.common.advice.LoggingAspect    : [EXECUTION] com.liochio.worker.service.MailProcessingService.processPendingBatch() hoàn tất trong 1 ms
2026-10-02 00:00:51.367 DEBUG [worker-service] [traceId=NO_TRACE] [tenantId=default] [   scheduling-1] c.liochio.common.advice.LoggingAspect    : [EXECUTION] com.liochio.worker.service.OutboxProcessingService.processPendingOutboxEvents() hoàn tất trong 0 ms
2026-10-02 00:00:55.833 DEBUG [worker-service] [traceId=NO_TRACE] [tenantId=default] [   scheduling-1] c.liochio.common.advice.LoggingAspect    : [EXECUTION] com.liochio.worker.service.MailProcessingService.processPendingBatch() hoàn tất trong 2 ms
2026-10-02 00:00:56.377 DEBUG [worker-service] [traceId=NO_TRACE] [tenantId=default] [   scheduling-1] c.liochio.common.advice.LoggingAspect    : [EXECUTION] com.liochio.worker.service.OutboxProcessingService.processPendingOutboxEvents() hoàn tất trong 2 ms
2026-10-02 00:01:00.853 DEBUG [worker-service] [traceId=NO_TRACE] [tenantId=default] [   scheduling-1] c.liochio.common.advice.LoggingAspect    : [EXECUTION] com.liochio.worker.service.MailProcessingService.processPendingBatch() hoàn tất trong 3 ms
2026-10-02 00:01:01.391 DEBUG [worker-service] [traceId=NO_TRACE] [tenantId=default] [   scheduling-1] c.liochio.common.advice.LoggingAspect    : [EXECUTION] com.liochio.worker.service.OutboxProcessingService.processPendingOutboxEvents() hoàn tất trong 1 ms
2026-10-02 00:01:05.875 DEBUG [worker-service] [traceId=NO_TRACE] [tenantId=default] [   scheduling-1] c.liochio.common.advice.LoggingAspect    : [EXECUTION] com.liochio.worker.service.MailProcessingService.processPendingBatch() hoàn tất trong 1 ms
2026-10-02 00:01:06.400 DEBUG [worker-service] [traceId=NO_TRACE] [tenantId=default] [   scheduling-1] c.liochio.common.advice.LoggingAspect    : [EXECUTION] com.liochio.worker.service.OutboxProcessingService.processPendingOutboxEvents() hoàn tất trong 0 ms
2026-10-02 00:01:10.891 DEBUG [worker-service] [traceId=NO_TRACE] [tenantId=default] [   scheduling-1] c.liochio.common.advice.LoggingAspect    : [EXECUTION] com.liochio.worker.service.MailProcessingService.processPendingBatch() hoàn tất trong 2 ms
2026-10-02 00:01:11.412 DEBUG [worker-service] [traceId=NO_TRACE] [tenantId=default] [   scheduling-1] c.liochio.common.advice.LoggingAspect    : [EXECUTION] com.liochio.worker.service.OutboxProcessingService.processPendingOutboxEvents() hoàn tất trong 0 ms
2026-10-02 00:01:15.905 DEBUG [worker-service] [traceId=NO_TRACE] [tenantId=default] [   scheduling-1] c.liochio.common.advice.LoggingAspect    : [EXECUTION] com.liochio.worker.service.MailProcessingService.processPendingBatch() hoàn tất trong 1 ms
2026-10-02 00:01:16.432 DEBUG [worker-service] [traceId=NO_TRACE] [tenantId=default] [   scheduling-1] c.liochio.common.advice.LoggingAspect    : [EXECUTION] com.liochio.worker.service.OutboxProcessingService.processPendingOutboxEvents() hoàn tất trong 0 ms
2026-10-02 00:01:20.925 DEBUG [worker-service] [traceId=NO_TRACE] [tenantId=default] [   scheduling-1] c.liochio.common.advice.LoggingAspect    : [EXECUTION] com.liochio.worker.service.MailProcessingService.processPendingBatch() hoàn tất trong 1 ms
2026-10-02 00:01:21.454 DEBUG [worker-service] [traceId=NO_TRACE] [tenantId=default] [   scheduling-1] c.liochio.common.advice.LoggingAspect    : [EXECUTION] com.liochio.worker.service.OutboxProcessingService.processPendingOutboxEvents() hoàn tất trong 0 ms
2026-10-02 00:01:25.943 DEBUG [worker-service] [traceId=NO_TRACE] [tenantId=default] [   scheduling-1] c.liochio.common.advice.LoggingAspect    : [EXECUTION] com.liochio.worker.service.MailProcessingService.processPendingBatch() hoàn tất trong 3 ms
2026-10-02 00:01:26.493 DEBUG [worker-service] [traceId=NO_TRACE] [tenantId=default] [   scheduling-1] c.liochio.common.advice.LoggingAspect    : [EXECUTION] com.liochio.worker.service.OutboxProcessingService.processPendingOutboxEvents() hoàn tất trong 0 ms
2026-10-02 00:01:30.958 DEBUG [worker-service] [traceId=NO_TRACE] [tenantId=default] [   scheduling-1] c.liochio.common.advice.LoggingAspect    : [EXECUTION] com.liochio.worker.service.MailProcessingService.processPendingBatch() hoàn tất trong 2 ms
2026-10-02 00:01:31.500 DEBUG [worker-service] [traceId=NO_TRACE] [tenantId=default] [   scheduling-1] c.liochio.common.advice.LoggingAspect    : [EXECUTION] com.liochio.worker.service.OutboxProcessingService.processPendingOutboxEvents() hoàn tất trong 0 ms
2026-10-02 00:01:35.970 DEBUG [worker-service] [traceId=NO_TRACE] [tenantId=default] [   scheduling-1] c.liochio.common.advice.LoggingAspect    : [EXECUTION] com.liochio.worker.service.MailProcessingService.processPendingBatch() hoàn tất trong 2 ms
2026-10-02 00:01:36.509 DEBUG [worker-service] [traceId=NO_TRACE] [tenantId=default] [   scheduling-1] c.liochio.common.advice.LoggingAspect    : [EXECUTION] com.liochio.worker.service.OutboxProcessingService.processPendingOutboxEvents() hoàn tất trong 1 ms
2026-10-02 00:01:40.992 DEBUG [worker-service] [traceId=NO_TRACE] [tenantId=default] [   scheduling-1] c.liochio.common.advice.LoggingAspect    : [EXECUTION] com.liochio.worker.service.MailProcessingService.processPendingBatch() hoàn tất trong 2 ms
2026-10-02 00:01:41.522 DEBUG [worker-service] [traceId=NO_TRACE] [tenantId=default] [   scheduling-1] c.liochio.common.advice.LoggingAspect    : [EXECUTION] com.liochio.worker.service.OutboxProcessingService.processPendingOutboxEvents() hoàn tất trong 1 ms
2026-10-02 00:01:46.002 DEBUG [worker-service] [traceId=NO_TRACE] [tenantId=default] [   scheduling-1] c.liochio.common.advice.LoggingAspect    : [EXECUTION] com.liochio.worker.service.MailProcessingService.processPendingBatch() hoàn tất trong 0 ms
2026-10-02 00:01:46.533 DEBUG [worker-service] [traceId=NO_TRACE] [tenantId=default] [   scheduling-1] c.liochio.common.advice.LoggingAspect    : [EXECUTION] com.liochio.worker.service.OutboxProcessingService.processPendingOutboxEvents() hoàn tất trong 1 ms
2026-10-02 00:01:51.022 DEBUG [worker-service] [traceId=NO_TRACE] [tenantId=default] [   scheduling-1] c.liochio.common.advice.LoggingAspect    : [EXECUTION] com.liochio.worker.service.MailProcessingService.processPendingBatch() hoàn tất trong 1 ms
2026-10-02 00:01:51.549 DEBUG [worker-service] [traceId=NO_TRACE] [tenantId=default] [   scheduling-1] c.liochio.common.advice.LoggingAspect    : [EXECUTION] com.liochio.worker.service.OutboxProcessingService.processPendingOutboxEvents() hoàn tất trong 2 ms
2026-10-02 00:01:56.046 DEBUG [worker-service] [traceId=NO_TRACE] [tenantId=default] [   scheduling-1] c.liochio.common.advice.LoggingAspect    : [EXECUTION] com.liochio.worker.service.MailProcessingService.processPendingBatch() hoàn tất trong 1 ms
2026-10-02 00:01:56.568 DEBUG [worker-service] [traceId=NO_TRACE] [tenantId=default] [   scheduling-1] c.liochio.common.advice.LoggingAspect    : [EXECUTION] com.liochio.worker.service.OutboxProcessingService.processPendingOutboxEvents() hoàn tất trong 2 ms
2026-10-02 00:02:01.066 DEBUG [worker-service] [traceId=NO_TRACE] [tenantId=default] [   scheduling-1] c.liochio.common.advice.LoggingAspect    : [EXECUTION] com.liochio.worker.service.MailProcessingService.processPendingBatch() hoàn tất trong 2 ms
2026-10-02 00:02:01.587 DEBUG [worker-service] [traceId=NO_TRACE] [tenantId=default] [   scheduling-1] c.liochio.common.advice.LoggingAspect    : [EXECUTION] com.liochio.worker.service.OutboxProcessingService.processPendingOutboxEvents() hoàn tất trong 0 ms
2026-10-02 00:02:06.080 DEBUG [worker-service] [traceId=NO_TRACE] [tenantId=default] [   scheduling-1] c.liochio.common.advice.LoggingAspect    : [EXECUTION] com.liochio.worker.service.MailProcessingService.processPendingBatch() hoàn tất trong 2 ms
2026-10-02 00:02:06.610 DEBUG [worker-service] [traceId=NO_TRACE] [tenantId=default] [   scheduling-1] c.liochio.common.advice.LoggingAspect    : [EXECUTION] com.liochio.worker.service.OutboxProcessingService.processPendingOutboxEvents() hoàn tất trong 2 ms
2026-10-02 00:02:11.094 DEBUG [worker-service] [traceId=NO_TRACE] [tenantId=default] [   scheduling-1] c.liochio.common.advice.LoggingAspect    : [EXECUTION] com.liochio.worker.service.MailProcessingService.processPendingBatch() hoàn tất trong 2 ms
2026-10-02 00:02:11.620 DEBUG [worker-service] [traceId=NO_TRACE] [tenantId=default] [   scheduling-1] c.liochio.common.advice.LoggingAspect    : [EXECUTION] com.liochio.worker.service.OutboxProcessingService.processPendingOutboxEvents() hoàn tất trong 0 ms
2026-10-02 00:02:16.104 DEBUG [worker-service] [traceId=NO_TRACE] [tenantId=default] [   scheduling-1] c.liochio.common.advice.LoggingAspect    : [EXECUTION] com.liochio.worker.service.MailProcessingService.processPendingBatch() hoàn tất trong 2 ms
2026-10-02 00:02:16.632 DEBUG [worker-service] [traceId=NO_TRACE] [tenantId=default] [   scheduling-1] c.liochio.common.advice.LoggingAspect    : [EXECUTION] com.liochio.worker.service.OutboxProcessingService.processPendingOutboxEvents() hoàn tất trong 1 ms
2026-10-02 00:02:21.115 DEBUG [worker-service] [traceId=NO_TRACE] [tenantId=default] [   scheduling-1] c.liochio.common.advice.LoggingAspect    : [EXECUTION] com.liochio.worker.service.MailProcessingService.processPendingBatch() hoàn tất trong 1 ms
2026-10-02 00:02:21.652 DEBUG [worker-service] [traceId=NO_TRACE] [tenantId=default] [   scheduling-1] c.liochio.common.advice.LoggingAspect    : [EXECUTION] com.liochio.worker.service.OutboxProcessingService.processPendingOutboxEvents() hoàn tất trong 0 ms
2026-10-02 00:02:26.128 DEBUG [worker-service] [traceId=NO_TRACE] [tenantId=default] [   scheduling-1] c.liochio.common.advice.LoggingAspect    : [EXECUTION] com.liochio.worker.service.MailProcessingService.processPendingBatch() hoàn tất trong 2 ms
2026-10-02 00:02:26.659 DEBUG [worker-service] [traceId=NO_TRACE] [tenantId=default] [   scheduling-1] c.liochio.common.advice.LoggingAspect    : [EXECUTION] com.liochio.worker.service.OutboxProcessingService.processPendingOutboxEvents() hoàn tất trong 1 ms
2026-10-02 00:02:31.135 DEBUG [worker-service] [traceId=NO_TRACE] [tenantId=default] [   scheduling-1] c.liochio.common.advice.LoggingAspect    : [EXECUTION] com.liochio.worker.service.MailProcessingService.processPendingBatch() hoàn tất trong 2 ms
2026-10-02 00:02:31.682 DEBUG [worker-service] [traceId=NO_TRACE] [tenantId=default] [   scheduling-1] c.liochio.common.advice.LoggingAspect    : [EXECUTION] com.liochio.worker.service.OutboxProcessingService.processPendingOutboxEvents() hoàn tất trong 2 ms
2026-10-02 00:02:36.152 DEBUG [worker-service] [traceId=NO_TRACE] [tenantId=default] [   scheduling-1] c.liochio.common.advice.LoggingAspect    : [EXECUTION] com.liochio.worker.service.MailProcessingService.processPendingBatch() hoàn tất trong 3 ms
2026-10-02 00:02:36.699 DEBUG [worker-service] [traceId=NO_TRACE] [tenantId=default] [   scheduling-1] c.liochio.common.advice.LoggingAspect    : [EXECUTION] com.liochio.worker.service.OutboxProcessingService.processPendingOutboxEvents() hoàn tất trong 0 ms
2026-10-02 00:02:41.162 DEBUG [worker-service] [traceId=NO_TRACE] [tenantId=default] [   scheduling-1] c.liochio.common.advice.LoggingAspect    : [EXECUTION] com.liochio.worker.service.MailProcessingService.processPendingBatch() hoàn tất trong 2 ms
2026-10-02 00:02:41.707 DEBUG [worker-service] [traceId=NO_TRACE] [tenantId=default] [   scheduling-1] c.liochio.common.advice.LoggingAspect    : [EXECUTION] com.liochio.worker.service.OutboxProcessingService.processPendingOutboxEvents() hoàn tất trong 2 ms
2026-10-02 00:02:46.172 DEBUG [worker-service] [traceId=NO_TRACE] [tenantId=default] [   scheduling-1] c.liochio.common.advice.LoggingAspect    : [EXECUTION] com.liochio.worker.service.MailProcessingService.processPendingBatch() hoàn tất trong 3 ms
2026-10-02 00:02:46.713 DEBUG [worker-service] [traceId=NO_TRACE] [tenantId=default] [   scheduling-1] c.liochio.common.advice.LoggingAspect    : [EXECUTION] com.liochio.worker.service.OutboxProcessingService.processPendingOutboxEvents() hoàn tất trong 0 ms
2026-10-02 00:02:51.189 DEBUG [worker-service] [traceId=NO_TRACE] [tenantId=default] [   scheduling-1] c.liochio.common.advice.LoggingAspect    : [EXECUTION] com.liochio.worker.service.MailProcessingService.processPendingBatch() hoàn tất trong 1 ms
2026-10-02 00:02:51.724 DEBUG [worker-service] [traceId=NO_TRACE] [tenantId=default] [   scheduling-1] c.liochio.common.advice.LoggingAspect    : [EXECUTION] com.liochio.worker.service.OutboxProcessingService.processPendingOutboxEvents() hoàn tất trong 2 ms
2026-10-02 00:02:56.205 DEBUG [worker-service] [traceId=NO_TRACE] [tenantId=default] [   scheduling-1] c.liochio.common.advice.LoggingAspect    : [EXECUTION] com.liochio.worker.service.MailProcessingService.processPendingBatch() hoàn tất trong 0 ms
2026-10-02 00:02:56.734 DEBUG [worker-service] [traceId=NO_TRACE] [tenantId=default] [   scheduling-1] c.liochio.common.advice.LoggingAspect    : [EXECUTION] com.liochio.worker.service.OutboxProcessingService.processPendingOutboxEvents() hoàn tất trong 1 ms
2026-10-02 00:03:01.226 DEBUG [worker-service] [traceId=NO_TRACE] [tenantId=default] [   scheduling-1] c.liochio.common.advice.LoggingAspect    : [EXECUTION] com.liochio.worker.service.MailProcessingService.processPendingBatch() hoàn tất trong 1 ms
2026-10-02 00:03:01.753 DEBUG [worker-service] [traceId=NO_TRACE] [tenantId=default] [   scheduling-1] c.liochio.common.advice.LoggingAspect    : [EXECUTION] com.liochio.worker.service.OutboxProcessingService.processPendingOutboxEvents() hoàn tất trong 1 ms
2026-10-02 00:03:06.242 DEBUG [worker-service] [traceId=NO_TRACE] [tenantId=default] [   scheduling-1] c.liochio.common.advice.LoggingAspect    : [EXECUTION] com.liochio.worker.service.MailProcessingService.processPendingBatch() hoàn tất trong 2 ms
2026-10-02 00:03:06.772 DEBUG [worker-service] [traceId=NO_TRACE] [tenantId=default] [   scheduling-1] c.liochio.common.advice.LoggingAspect    : [EXECUTION] com.liochio.worker.service.OutboxProcessingService.processPendingOutboxEvents() hoàn tất trong 0 ms
2026-10-02 00:03:11.255 DEBUG [worker-service] [traceId=NO_TRACE] [tenantId=default] [   scheduling-1] c.liochio.common.advice.LoggingAspect    : [EXECUTION] com.liochio.worker.service.MailProcessingService.processPendingBatch() hoàn tất trong 1 ms
2026-10-02 00:03:11.785 DEBUG [worker-service] [traceId=NO_TRACE] [tenantId=default] [   scheduling-1] c.liochio.common.advice.LoggingAspect    : [EXECUTION] com.liochio.worker.service.OutboxProcessingService.processPendingOutboxEvents() hoàn tất trong 1 ms
2026-10-02 00:03:16.277 DEBUG [worker-service] [traceId=NO_TRACE] [tenantId=default] [   scheduling-1] c.liochio.common.advice.LoggingAspect    : [EXECUTION] com.liochio.worker.service.MailProcessingService.processPendingBatch() hoàn tất trong 1 ms
2026-10-02 00:03:16.799 DEBUG [worker-service] [traceId=NO_TRACE] [tenantId=default] [   scheduling-1] c.liochio.common.advice.LoggingAspect    : [EXECUTION] com.liochio.worker.service.OutboxProcessingService.processPendingOutboxEvents() hoàn tất trong 1 ms
2026-10-02 00:03:21.295 DEBUG [worker-service] [traceId=NO_TRACE] [tenantId=default] [   scheduling-1] c.liochio.common.advice.LoggingAspect    : [EXECUTION] com.liochio.worker.service.MailProcessingService.processPendingBatch() hoàn tất trong 2 ms
2026-10-02 00:03:21.806 DEBUG [worker-service] [traceId=NO_TRACE] [tenantId=default] [   scheduling-1] c.liochio.common.advice.LoggingAspect    : [EXECUTION] com.liochio.worker.service.OutboxProcessingService.processPendingOutboxEvents() hoàn tất trong 1 ms
2026-10-02 00:03:26.313 DEBUG [worker-service] [traceId=NO_TRACE] [tenantId=default] [   scheduling-1] c.liochio.common.advice.LoggingAspect    : [EXECUTION] com.liochio.worker.service.MailProcessingService.processPendingBatch() hoàn tất trong 2 ms
2026-10-02 00:03:26.813 DEBUG [worker-service] [traceId=NO_TRACE] [tenantId=default] [   scheduling-1] c.liochio.common.advice.LoggingAspect    : [EXECUTION] com.liochio.worker.service.OutboxProcessingService.processPendingOutboxEvents() hoàn tất trong 0 ms
2026-10-02 00:03:31.347 DEBUG [worker-service] [traceId=NO_TRACE] [tenantId=default] [   scheduling-1] c.liochio.common.advice.LoggingAspect    : [EXECUTION] com.liochio.worker.service.MailProcessingService.processPendingBatch() hoàn tất trong 2 ms
2026-10-02 00:03:31.833 DEBUG [worker-service] [traceId=NO_TRACE] [tenantId=default] [   scheduling-1] c.liochio.common.advice.LoggingAspect    : [EXECUTION] com.liochio.worker.service.OutboxProcessingService.processPendingOutboxEvents() hoàn tất trong 0 ms
2026-10-02 00:03:36.372 DEBUG [worker-service] [traceId=NO_TRACE] [tenantId=default] [   scheduling-1] c.liochio.common.advice.LoggingAspect    : [EXECUTION] com.liochio.worker.service.MailProcessingService.processPendingBatch() hoàn tất trong 3 ms
2026-10-02 00:03:36.850 DEBUG [worker-service] [traceId=NO_TRACE] [tenantId=default] [   scheduling-1] c.liochio.common.advice.LoggingAspect    : [EXECUTION] com.liochio.worker.service.OutboxProcessingService.processPendingOutboxEvents() hoàn tất trong 0 ms
2026-10-02 00:03:41.515 DEBUG [worker-service] [traceId=NO_TRACE] [tenantId=default] [   scheduling-1] c.liochio.common.advice.LoggingAspect    : [EXECUTION] com.liochio.worker.service.MailProcessingService.processPendingBatch() hoàn tất trong 1 ms
2026-10-02 00:03:42.024 DEBUG [worker-service] [traceId=NO_TRACE] [tenantId=default] [   scheduling-1] c.liochio.common.advice.LoggingAspect    : [EXECUTION] com.liochio.worker.service.OutboxProcessingService.processPendingOutboxEvents() hoàn tất trong 2 ms
2026-10-02 00:03:46.606 DEBUG [worker-service] [traceId=NO_TRACE] [tenantId=default] [   scheduling-1] c.liochio.common.advice.LoggingAspect    : [EXECUTION] com.liochio.worker.service.MailProcessingService.processPendingBatch() hoàn tất trong 3 ms
2026-10-02 00:03:47.040 DEBUG [worker-service] [traceId=NO_TRACE] [tenantId=default] [   scheduling-1] c.liochio.common.advice.LoggingAspect    : [EXECUTION] com.liochio.worker.service.OutboxProcessingService.processPendingOutboxEvents() hoàn tất trong 1 ms
2026-10-02 00:03:51.626 DEBUG [worker-service] [traceId=NO_TRACE] [tenantId=default] [   scheduling-1] c.liochio.common.advice.LoggingAspect    : [EXECUTION] com.liochio.worker.service.MailProcessingService.processPendingBatch() hoàn tất trong 1 ms
2026-10-02 00:03:52.054 DEBUG [worker-service] [traceId=NO_TRACE] [tenantId=default] [   scheduling-1] c.liochio.common.advice.LoggingAspect    : [EXECUTION] com.liochio.worker.service.OutboxProcessingService.processPendingOutboxEvents() hoàn tất trong 0 ms
2026-10-02 00:03:56.640 DEBUG [worker-service] [traceId=NO_TRACE] [tenantId=default] [   scheduling-1] c.liochio.common.advice.LoggingAspect    : [EXECUTION] com.liochio.worker.service.MailProcessingService.processPendingBatch() hoàn tất trong 2 ms
2026-10-02 00:03:57.074 DEBUG [worker-service] [traceId=NO_TRACE] [tenantId=default] [   scheduling-1] c.liochio.common.advice.LoggingAspect    : [EXECUTION] com.liochio.worker.service.OutboxProcessingService.processPendingOutboxEvents() hoàn tất trong 1 ms
2026-10-02 00:04:01.655 DEBUG [worker-service] [traceId=NO_TRACE] [tenantId=default] [   scheduling-1] c.liochio.common.advice.LoggingAspect    : [EXECUTION] com.liochio.worker.service.MailProcessingService.processPendingBatch() hoàn tất trong 1 ms
2026-10-02 00:04:02.092 DEBUG [worker-service] [traceId=NO_TRACE] [tenantId=default] [   scheduling-1] c.liochio.common.advice.LoggingAspect    : [EXECUTION] com.liochio.worker.service.OutboxProcessingService.processPendingOutboxEvents() hoàn tất trong 0 ms
2026-10-02 00:04:06.674 DEBUG [worker-service] [traceId=NO_TRACE] [tenantId=default] [   scheduling-1] c.liochio.common.advice.LoggingAspect    : [EXECUTION] com.liochio.worker.service.MailProcessingService.processPendingBatch() hoàn tất trong 2 ms
2026-10-02 00:04:07.106 DEBUG [worker-service] [traceId=NO_TRACE] [tenantId=default] [   scheduling-1] c.liochio.common.advice.LoggingAspect    : [EXECUTION] com.liochio.worker.service.OutboxProcessingService.processPendingOutboxEvents() hoàn tất trong 2 ms
2026-10-02 00:04:11.705 DEBUG [worker-service] [traceId=NO_TRACE] [tenantId=default] [   scheduling-1] c.liochio.common.advice.LoggingAspect    : [EXECUTION] com.liochio.worker.service.MailProcessingService.processPendingBatch() hoàn tất trong 2 ms
2026-10-02 00:04:12.122 DEBUG [worker-service] [traceId=NO_TRACE] [tenantId=default] [   scheduling-1] c.liochio.common.advice.LoggingAspect    : [EXECUTION] com.liochio.worker.service.OutboxProcessingService.processPendingOutboxEvents() hoàn tất trong 0 ms
2026-10-02 00:04:16.724 DEBUG [worker-service] [traceId=NO_TRACE] [tenantId=default] [   scheduling-1] c.liochio.common.advice.LoggingAspect    : [EXECUTION] com.liochio.worker.service.MailProcessingService.processPendingBatch() hoàn tất trong 2 ms
2026-10-02 00:04:17.139 DEBUG [worker-service] [traceId=NO_TRACE] [tenantId=default] [   scheduling-1] c.liochio.common.advice.LoggingAspect    : [EXECUTION] com.liochio.worker.service.OutboxProcessingService.processPendingOutboxEvents() hoàn tất trong 0 ms
2026-10-02 00:04:21.736 DEBUG [worker-service] [traceId=NO_TRACE] [tenantId=default] [   scheduling-1] c.liochio.common.advice.LoggingAspect    : [EXECUTION] com.liochio.worker.service.MailProcessingService.processPendingBatch() hoàn tất trong 2 ms
2026-10-02 00:04:22.154 DEBUG [worker-service] [traceId=NO_TRACE] [tenantId=default] [   scheduling-1] c.liochio.common.advice.LoggingAspect    : [EXECUTION] com.liochio.worker.service.OutboxProcessingService.processPendingOutboxEvents() hoàn tất trong 2 ms
2026-10-02 00:04:26.750 DEBUG [worker-service] [traceId=NO_TRACE] [tenantId=default] [   scheduling-1] c.liochio.common.advice.LoggingAspect    : [EXECUTION] com.liochio.worker.service.MailProcessingService.processPendingBatch() hoàn tất trong 1 ms
2026-10-02 00:04:27.169 DEBUG [worker-service] [traceId=NO_TRACE] [tenantId=default] [   scheduling-1] c.liochio.common.advice.LoggingAspect    : [EXECUTION] com.liochio.worker.service.OutboxProcessingService.processPendingOutboxEvents() hoàn tất trong 1 ms
2026-10-02 00:04:31.759 DEBUG [worker-service] [traceId=NO_TRACE] [tenantId=default] [   scheduling-1] c.liochio.common.advice.LoggingAspect    : [EXECUTION] com.liochio.worker.service.MailProcessingService.processPendingBatch() hoàn tất trong 2 ms
2026-10-02 00:04:32.179 DEBUG [worker-service] [traceId=NO_TRACE] [tenantId=default] [   scheduling-1] c.liochio.common.advice.LoggingAspect    : [EXECUTION] com.liochio.worker.service.OutboxProcessingService.processPendingOutboxEvents() hoàn tất trong 0 ms
2026-10-02 00:04:36.780 DEBUG [worker-service] [traceId=NO_TRACE] [tenantId=default] [   scheduling-1] c.liochio.common.advice.LoggingAspect    : [EXECUTION] com.liochio.worker.service.MailProcessingService.processPendingBatch() hoàn tất trong 1 ms
2026-10-02 00:04:37.186 DEBUG [worker-service] [traceId=NO_TRACE] [tenantId=default] [   scheduling-1] c.liochio.common.advice.LoggingAspect    : [EXECUTION] com.liochio.worker.service.OutboxProcessingService.processPendingOutboxEvents() hoàn tất trong 1 ms
2026-10-02 00:04:41.797 DEBUG [worker-service] [traceId=NO_TRACE] [tenantId=default] [   scheduling-1] c.liochio.common.advice.LoggingAspect    : [EXECUTION] com.liochio.worker.service.MailProcessingService.processPendingBatch() hoàn tất trong 2 ms
2026-10-02 00:04:42.201 DEBUG [worker-service] [traceId=NO_TRACE] [tenantId=default] [   scheduling-1] c.liochio.common.advice.LoggingAspect    : [EXECUTION] com.liochio.worker.service.OutboxProcessingService.processPendingOutboxEvents() hoàn tất trong 2 ms
2026-10-02 00:04:46.813 DEBUG [worker-service] [traceId=NO_TRACE] [tenantId=default] [   scheduling-1] c.liochio.common.advice.LoggingAspect    : [EXECUTION] com.liochio.worker.service.MailProcessingService.processPendingBatch() hoàn tất trong 2 ms
2026-10-02 00:04:47.218 DEBUG [worker-service] [traceId=NO_TRACE] [tenantId=default] [   scheduling-1] c.liochio.common.advice.LoggingAspect    : [EXECUTION] com.liochio.worker.service.OutboxProcessingService.processPendingOutboxEvents() hoàn tất trong 1 ms
2026-10-02 00:04:51.821 DEBUG [worker-service] [traceId=NO_TRACE] [tenantId=default] [   scheduling-1] c.liochio.common.advice.LoggingAspect    : [EXECUTION] com.liochio.worker.service.MailProcessingService.processPendingBatch() hoàn tất trong 3 ms
2026-10-02 00:04:52.240 DEBUG [worker-service] [traceId=NO_TRACE] [tenantId=default] [   scheduling-1] c.liochio.common.advice.LoggingAspect    : [EXECUTION] com.liochio.worker.service.OutboxProcessingService.processPendingOutboxEvents() hoàn tất trong 0 ms
2026-10-02 00:04:56.829 DEBUG [worker-service] [traceId=NO_TRACE] [tenantId=default] [   scheduling-1] c.liochio.common.advice.LoggingAspect    : [EXECUTION] com.liochio.worker.service.MailProcessingService.processPendingBatch() hoàn tất trong 2 ms
2026-10-02 00:04:57.247 DEBUG [worker-service] [traceId=NO_TRACE] [tenantId=default] [   scheduling-1] c.liochio.common.advice.LoggingAspect    : [EXECUTION] com.liochio.worker.service.OutboxProcessingService.processPendingOutboxEvents() hoàn tất trong 1 ms
2026-10-02 00:05:01.847 DEBUG [worker-service] [traceId=NO_TRACE] [tenantId=default] [   scheduling-1] c.liochio.common.advice.LoggingAspect    : [EXECUTION] com.liochio.worker.service.MailProcessingService.processPendingBatch() hoàn tất trong 2 ms
2026-10-02 00:05:02.255 DEBUG [worker-service] [traceId=NO_TRACE] [tenantId=default] [   scheduling-1] c.liochio.common.advice.LoggingAspect    : [EXECUTION] com.liochio.worker.service.OutboxProcessingService.processPendingOutboxEvents() hoàn tất trong 0 ms
2026-10-02 00:05:06.866 DEBUG [worker-service] [traceId=NO_TRACE] [tenantId=default] [   scheduling-1] c.liochio.common.advice.LoggingAspect    : [EXECUTION] com.liochio.worker.service.MailProcessingService.processPendingBatch() hoàn tất trong 2 ms
2026-10-02 00:05:07.269 DEBUG [worker-service] [traceId=NO_TRACE] [tenantId=default] [   scheduling-1] c.liochio.common.advice.LoggingAspect    : [EXECUTION] com.liochio.worker.service.OutboxProcessingService.processPendingOutboxEvents() hoàn tất trong 0 ms
2026-10-02 00:05:11.875 DEBUG [worker-service] [traceId=NO_TRACE] [tenantId=default] [   scheduling-1] c.liochio.common.advice.LoggingAspect    : [EXECUTION] com.liochio.worker.service.MailProcessingService.processPendingBatch() hoàn tất trong 2 ms
2026-10-02 00:05:12.277 DEBUG [worker-service] [traceId=NO_TRACE] [tenantId=default] [   scheduling-1] c.liochio.common.advice.LoggingAspect    : [EXECUTION] com.liochio.worker.service.OutboxProcessingService.processPendingOutboxEvents() hoàn tất trong 0 ms
2026-10-02 00:05:17.130 DEBUG [worker-service] [traceId=NO_TRACE] [tenantId=default] [   scheduling-1] c.liochio.common.advice.LoggingAspect    : [EXECUTION] com.liochio.worker.service.MailProcessingService.processPendingBatch() hoàn tất trong 1 ms
2026-10-02 00:05:17.369 DEBUG [worker-service] [traceId=NO_TRACE] [tenantId=default] [   scheduling-1] c.liochio.common.advice.LoggingAspect    : [EXECUTION] com.liochio.worker.service.OutboxProcessingService.processPendingOutboxEvents() hoàn tất trong 1 ms
2026-10-02 00:05:22.309 DEBUG [worker-service] [traceId=NO_TRACE] [tenantId=default] [   scheduling-1] c.liochio.common.advice.LoggingAspect    : [EXECUTION] com.liochio.worker.service.MailProcessingService.processPendingBatch() hoàn tất trong 1 ms
2026-10-02 00:05:22.383 DEBUG [worker-service] [traceId=NO_TRACE] [tenantId=default] [   scheduling-1] c.liochio.common.advice.LoggingAspect    : [EXECUTION] com.liochio.worker.service.OutboxProcessingService.processPendingOutboxEvents() hoàn tất trong 0 ms
2026-10-02 00:05:27.330 DEBUG [worker-service] [traceId=NO_TRACE] [tenantId=default] [   scheduling-1] c.liochio.common.advice.LoggingAspect    : [EXECUTION] com.liochio.worker.service.MailProcessingService.processPendingBatch() hoàn tất trong 3 ms
2026-10-02 00:05:27.402 DEBUG [worker-service] [traceId=NO_TRACE] [tenantId=default] [   scheduling-1] c.liochio.common.advice.LoggingAspect    : [EXECUTION] com.liochio.worker.service.OutboxProcessingService.processPendingOutboxEvents() hoàn tất trong 0 ms
2026-10-02 00:05:32.348 DEBUG [worker-service] [traceId=NO_TRACE] [tenantId=default] [   scheduling-1] c.liochio.common.advice.LoggingAspect    : [EXECUTION] com.liochio.worker.service.MailProcessingService.processPendingBatch() hoàn tất trong 2 ms
2026-10-02 00:05:32.417 DEBUG [worker-service] [traceId=NO_TRACE] [tenantId=default] [   scheduling-1] c.liochio.common.advice.LoggingAspect    : [EXECUTION] com.liochio.worker.service.OutboxProcessingService.processPendingOutboxEvents() hoàn tất trong 3 ms
2026-10-02 00:05:37.360 DEBUG [worker-service] [traceId=NO_TRACE] [tenantId=default] [   scheduling-1] c.liochio.common.advice.LoggingAspect    : [EXECUTION] com.liochio.worker.service.MailProcessingService.processPendingBatch() hoàn tất trong 1 ms
2026-10-02 00:05:37.437 DEBUG [worker-service] [traceId=NO_TRACE] [tenantId=default] [   scheduling-1] c.liochio.common.advice.LoggingAspect    : [EXECUTION] com.liochio.worker.service.OutboxProcessingService.processPendingOutboxEvents() hoàn tất trong 0 ms
2026-10-02 00:05:42.372 DEBUG [worker-service] [traceId=NO_TRACE] [tenantId=default] [   scheduling-1] c.liochio.common.advice.LoggingAspect    : [EXECUTION] com.liochio.worker.service.MailProcessingService.processPendingBatch() hoàn tất trong 2 ms
2026-10-02 00:05:42.449 DEBUG [worker-service] [traceId=NO_TRACE] [tenantId=default] [   scheduling-1] c.liochio.common.advice.LoggingAspect    : [EXECUTION] com.liochio.worker.service.OutboxProcessingService.processPendingOutboxEvents() hoàn tất trong 0 ms
2026-10-02 00:05:47.383 DEBUG [worker-service] [traceId=NO_TRACE] [tenantId=default] [   scheduling-1] c.liochio.common.advice.LoggingAspect    : [EXECUTION] com.liochio.worker.service.MailProcessingService.processPendingBatch() hoàn tất trong 2 ms
2026-10-02 00:05:47.459 DEBUG [worker-service] [traceId=NO_TRACE] [tenantId=default] [   scheduling-1] c.liochio.common.advice.LoggingAspect    : [EXECUTION] com.liochio.worker.service.OutboxProcessingService.processPendingOutboxEvents() hoàn tất trong 0 ms
2026-10-02 00:05:52.397 DEBUG [worker-service] [traceId=NO_TRACE] [tenantId=default] [   scheduling-1] c.liochio.common.advice.LoggingAspect    : [EXECUTION] com.liochio.worker.service.MailProcessingService.processPendingBatch() hoàn tất trong 2 ms
2026-10-02 00:05:52.474 DEBUG [worker-service] [traceId=NO_TRACE] [tenantId=default] [   scheduling-1] c.liochio.common.advice.LoggingAspect    : [EXECUTION] com.liochio.worker.service.OutboxProcessingService.processPendingOutboxEvents() hoàn tất trong 0 ms
2026-10-02 00:05:57.407 DEBUG [worker-service] [traceId=NO_TRACE] [tenantId=default] [   scheduling-1] c.liochio.common.advice.LoggingAspect    : [EXECUTION] com.liochio.worker.service.MailProcessingService.processPendingBatch() hoàn tất trong 2 ms
2026-10-02 00:05:57.482 DEBUG [worker-service] [traceId=NO_TRACE] [tenantId=default] [   scheduling-1] c.liochio.common.advice.LoggingAspect    : [EXECUTION] com.liochio.worker.service.OutboxProcessingService.processPendingOutboxEvents() hoàn tất trong 0 ms
2026-10-02 00:06:02.420 DEBUG [worker-service] [traceId=NO_TRACE] [tenantId=default] [   scheduling-1] c.liochio.common.advice.LoggingAspect    : [EXECUTION] com.liochio.worker.service.MailProcessingService.processPendingBatch() hoàn tất trong 2 ms
2026-10-02 00:06:02.495 DEBUG [worker-service] [traceId=NO_TRACE] [tenantId=default] [   scheduling-1] c.liochio.common.advice.LoggingAspect    : [EXECUTION] com.liochio.worker.service.OutboxProcessingService.processPendingOutboxEvents() hoàn tất trong 0 ms
2026-10-02 00:06:07.437 DEBUG [worker-service] [traceId=NO_TRACE] [tenantId=default] [   scheduling-1] c.liochio.common.advice.LoggingAspect    : [EXECUTION] com.liochio.worker.service.MailProcessingService.processPendingBatch() hoàn tất trong 1 ms
2026-10-02 00:06:07.511 DEBUG [worker-service] [traceId=NO_TRACE] [tenantId=default] [   scheduling-1] c.liochio.common.advice.LoggingAspect    : [EXECUTION] com.liochio.worker.service.OutboxProcessingService.processPendingOutboxEvents() hoàn tất trong 1 ms
2026-10-02 00:06:12.462 DEBUG [worker-service] [traceId=NO_TRACE] [tenantId=default] [   scheduling-1] c.liochio.common.advice.LoggingAspect    : [EXECUTION] com.liochio.worker.service.MailProcessingService.processPendingBatch() hoàn tất trong 4 ms
2026-10-02 00:06:12.520 DEBUG [worker-service] [traceId=NO_TRACE] [tenantId=default] [   scheduling-1] c.liochio.common.advice.LoggingAspect    : [EXECUTION] com.liochio.worker.service.OutboxProcessingService.processPendingOutboxEvents() hoàn tất trong 0 ms
2026-10-02 00:06:17.475 DEBUG [worker-service] [traceId=NO_TRACE] [tenantId=default] [   scheduling-1] c.liochio.common.advice.LoggingAspect    : [EXECUTION] com.liochio.worker.service.MailProcessingService.processPendingBatch() hoàn tất trong 3 ms
2026-10-02 00:06:17.531 DEBUG [worker-service] [traceId=NO_TRACE] [tenantId=default] [   scheduling-1] c.liochio.common.advice.LoggingAspect    : [EXECUTION] com.liochio.worker.service.OutboxProcessingService.processPendingOutboxEvents() hoàn tất trong 1 ms
2026-10-02 00:06:22.498 DEBUG [worker-service] [traceId=NO_TRACE] [tenantId=default] [   scheduling-1] c.liochio.common.advice.LoggingAspect    : [EXECUTION] com.liochio.worker.service.MailProcessingService.processPendingBatch() hoàn tất trong 0 ms
2026-10-02 00:06:22.545 DEBUG [worker-service] [traceId=NO_TRACE] [tenantId=default] [   scheduling-1] c.liochio.common.advice.LoggingAspect    : [EXECUTION] com.liochio.worker.service.OutboxProcessingService.processPendingOutboxEvents() hoàn tất trong 0 ms
2026-10-02 00:06:27.516 DEBUG [worker-service] [traceId=NO_TRACE] [tenantId=default] [   scheduling-1] c.liochio.common.advice.LoggingAspect    : [EXECUTION] com.liochio.worker.service.MailProcessingService.processPendingBatch() hoàn tất trong 1 ms
2026-10-02 00:06:27.563 DEBUG [worker-service] [traceId=NO_TRACE] [tenantId=default] [   scheduling-1] c.liochio.common.advice.LoggingAspect    : [EXECUTION] com.liochio.worker.service.OutboxProcessingService.processPendingOutboxEvents() hoàn tất trong 1 ms
2026-10-02 00:06:32.535 DEBUG [worker-service] [traceId=NO_TRACE] [tenantId=default] [   scheduling-1] c.liochio.common.advice.LoggingAspect    : [EXECUTION] com.liochio.worker.service.MailProcessingService.processPendingBatch() hoàn tất trong 4 ms
2026-10-02 00:06:32.576 DEBUG [worker-service] [traceId=NO_TRACE] [tenantId=default] [   scheduling-1] c.liochio.common.advice.LoggingAspect    : [EXECUTION] com.liochio.worker.service.OutboxProcessingService.processPendingOutboxEvents() hoàn tất trong 2 ms
2026-10-02 00:06:37.549 DEBUG [worker-service] [traceId=NO_TRACE] [tenantId=default] [   scheduling-1] c.liochio.common.advice.LoggingAspect    : [EXECUTION] com.liochio.worker.service.MailProcessingService.processPendingBatch() hoàn tất trong 1 ms
2026-10-02 00:06:37.596 DEBUG [worker-service] [traceId=NO_TRACE] [tenantId=default] [   scheduling-1] c.liochio.common.advice.LoggingAspect    : [EXECUTION] com.liochio.worker.service.OutboxProcessingService.processPendingOutboxEvents() hoàn tất trong 0 ms
2026-10-02 00:06:42.565 DEBUG [worker-service] [traceId=NO_TRACE] [tenantId=default] [   scheduling-1] c.liochio.common.advice.LoggingAspect    : [EXECUTION] com.liochio.worker.service.MailProcessingService.processPendingBatch() hoàn tất trong 3 ms
2026-10-02 00:06:44.742 DEBUG [worker-service] [traceId=NO_TRACE] [tenantId=default] [   scheduling-1] c.liochio.common.advice.LoggingAspect    : [EXECUTION] com.liochio.worker.service.OutboxProcessingService.processPendingOutboxEvents() hoàn tất trong 1 ms
2026-10-02 00:06:47.585 DEBUG [worker-service] [traceId=NO_TRACE] [tenantId=default] [   scheduling-1] c.liochio.common.advice.LoggingAspect    : [EXECUTION] com.liochio.worker.service.MailProcessingService.processPendingBatch() hoàn tất trong 2 ms
2026-10-02 00:06:49.783 DEBUG [worker-service] [traceId=NO_TRACE] [tenantId=default] [   scheduling-1] c.liochio.common.advice.LoggingAspect    : [EXECUTION] com.liochio.worker.service.OutboxProcessingService.processPendingOutboxEvents() hoàn tất trong 1 ms
2026-10-02 00:06:52.601 DEBUG [worker-service] [traceId=NO_TRACE] [tenantId=default] [   scheduling-1] c.liochio.common.advice.LoggingAspect    : [EXECUTION] com.liochio.worker.service.MailProcessingService.processPendingBatch() hoàn tất trong 2 ms
2026-10-02 00:06:54.805 DEBUG [worker-service] [traceId=NO_TRACE] [tenantId=default] [   scheduling-1] c.liochio.common.advice.LoggingAspect    : [EXECUTION] com.liochio.worker.service.OutboxProcessingService.processPendingOutboxEvents() hoàn tất trong 0 ms
2026-10-02 00:06:57.622 DEBUG [worker-service] [traceId=NO_TRACE] [tenantId=default] [   scheduling-1] c.liochio.common.advice.LoggingAspect    : [EXECUTION] com.liochio.worker.service.MailProcessingService.processPendingBatch() hoàn tất trong 2 ms
2026-10-02 00:06:59.813 DEBUG [worker-service] [traceId=NO_TRACE] [tenantId=default] [   scheduling-1] c.liochio.common.advice.LoggingAspect    : [EXECUTION] com.liochio.worker.service.OutboxProcessingService.processPendingOutboxEvents() hoàn tất trong 1 ms
2026-10-02 00:07:03.137 DEBUG [worker-service] [traceId=NO_TRACE] [tenantId=default] [   scheduling-1] c.liochio.common.advice.LoggingAspect    : [EXECUTION] com.liochio.worker.service.MailProcessingService.processPendingBatch() hoàn tất trong 3 ms
2026-10-02 00:07:04.833 DEBUG [worker-service] [traceId=NO_TRACE] [tenantId=default] [   scheduling-1] c.liochio.common.advice.LoggingAspect    : [EXECUTION] com.liochio.worker.service.OutboxProcessingService.processPendingOutboxEvents() hoàn tất trong 1 ms
2026-10-02 00:07:08.155 DEBUG [worker-service] [traceId=NO_TRACE] [tenantId=default] [   scheduling-1] c.liochio.common.advice.LoggingAspect    : [EXECUTION] com.liochio.worker.service.MailProcessingService.processPendingBatch() hoàn tất trong 2 ms
2026-10-02 00:07:09.846 DEBUG [worker-service] [traceId=NO_TRACE] [tenantId=default] [   scheduling-1] c.liochio.common.advice.LoggingAspect    : [EXECUTION] com.liochio.worker.service.OutboxProcessingService.processPendingOutboxEvents() hoàn tất trong 0 ms
2026-10-02 00:07:13.171 DEBUG [worker-service] [traceId=NO_TRACE] [tenantId=default] [   scheduling-1] c.liochio.common.advice.LoggingAspect    : [EXECUTION] com.liochio.worker.service.MailProcessingService.processPendingBatch() hoàn tất trong 2 ms
2026-10-02 00:07:14.857 DEBUG [worker-service] [traceId=NO_TRACE] [tenantId=default] [   scheduling-1] c.liochio.common.advice.LoggingAspect    : [EXECUTION] com.liochio.worker.service.OutboxProcessingService.processPendingOutboxEvents() hoàn tất trong 2 ms
2026-10-02 00:07:18.192 DEBUG [worker-service] [traceId=NO_TRACE] [tenantId=default] [   scheduling-1] c.liochio.common.advice.LoggingAspect    : [EXECUTION] com.liochio.worker.service.MailProcessingService.processPendingBatch() hoàn tất trong 0 ms
2026-10-02 00:07:19.871 DEBUG [worker-service] [traceId=NO_TRACE] [tenantId=default] [   scheduling-1] c.liochio.common.advice.LoggingAspect    : [EXECUTION] com.liochio.worker.service.OutboxProcessingService.processPendingOutboxEvents() hoàn tất trong 1 ms
2026-10-02 00:07:23.210 DEBUG [worker-service] [traceId=NO_TRACE] [tenantId=default] [   scheduling-1] c.liochio.common.advice.LoggingAspect    : [EXECUTION] com.liochio.worker.service.MailProcessingService.processPendingBatch() hoàn tất trong 1 ms
2026-10-02 00:07:24.881 DEBUG [worker-service] [traceId=NO_TRACE] [tenantId=default] [   scheduling-1] c.liochio.common.advice.LoggingAspect    : [EXECUTION] com.liochio.worker.service.OutboxProcessingService.processPendingOutboxEvents() hoàn tất trong 0 ms
2026-10-02 00:07:28.232 DEBUG [worker-service] [traceId=NO_TRACE] [tenantId=default] [   scheduling-1] c.liochio.common.advice.LoggingAspect    : [EXECUTION] com.liochio.worker.service.MailProcessingService.processPendingBatch() hoàn tất trong 1 ms
2026-10-02 00:07:29.897 DEBUG [worker-service] [traceId=NO_TRACE] [tenantId=default] [   scheduling-1] c.liochio.common.advice.LoggingAspect    : [EXECUTION] com.liochio.worker.service.OutboxProcessingService.processPendingOutboxEvents() hoàn tất trong 0 ms
2026-10-02 00:07:33.251 DEBUG [worker-service] [traceId=NO_TRACE] [tenantId=default] [   scheduling-1] c.liochio.common.advice.LoggingAspect    : [EXECUTION] com.liochio.worker.service.MailProcessingService.processPendingBatch() hoàn tất trong 1 ms
2026-10-02 00:07:34.912 DEBUG [worker-service] [traceId=NO_TRACE] [tenantId=default] [   scheduling-1] c.liochio.common.advice.LoggingAspect    : [EXECUTION] com.liochio.worker.service.OutboxProcessingService.processPendingOutboxEvents() hoàn tất trong 0 ms
2026-10-02 00:07:38.265 DEBUG [worker-service] [traceId=NO_TRACE] [tenantId=default] [   scheduling-1] c.liochio.common.advice.LoggingAspect    : [EXECUTION] com.liochio.worker.service.MailProcessingService.processPendingBatch() hoàn tất trong 1 ms
2026-10-02 00:07:39.920 DEBUG [worker-service] [traceId=NO_TRACE] [tenantId=default] [   scheduling-1] c.liochio.common.advice.LoggingAspect    : [EXECUTION] com.liochio.worker.service.OutboxProcessingService.processPendingOutboxEvents() hoàn tất trong 1 ms
2026-10-02 00:07:43.283 DEBUG [worker-service] [traceId=NO_TRACE] [tenantId=default] [   scheduling-1] c.liochio.common.advice.LoggingAspect    : [EXECUTION] com.liochio.worker.service.MailProcessingService.processPendingBatch() hoàn tất trong 1 ms
2026-10-02 00:07:44.937 DEBUG [worker-service] [traceId=NO_TRACE] [tenantId=default] [   scheduling-1] c.liochio.common.advice.LoggingAspect    : [EXECUTION] com.liochio.worker.service.OutboxProcessingService.processPendingOutboxEvents() hoàn tất trong 0 ms
2026-10-02 00:07:48.297 DEBUG [worker-service] [traceId=NO_TRACE] [tenantId=default] [   scheduling-1] c.liochio.common.advice.LoggingAspect    : [EXECUTION] com.liochio.worker.service.MailProcessingService.processPendingBatch() hoàn tất trong 1 ms
2026-10-02 00:07:49.957 DEBUG [worker-service] [traceId=NO_TRACE] [tenantId=default] [   scheduling-1] c.liochio.common.advice.LoggingAspect    : [EXECUTION] com.liochio.worker.service.OutboxProcessingService.processPendingOutboxEvents() hoàn tất trong 2 ms
2026-10-02 00:07:53.309 DEBUG [worker-service] [traceId=NO_TRACE] [tenantId=default] [   scheduling-1] c.liochio.common.advice.LoggingAspect    : [EXECUTION] com.liochio.worker.service.MailProcessingService.processPendingBatch() hoàn tất trong 2 ms
2026-10-02 00:07:54.973 DEBUG [worker-service] [traceId=NO_TRACE] [tenantId=default] [   scheduling-1] c.liochio.common.advice.LoggingAspect    : [EXECUTION] com.liochio.worker.service.OutboxProcessingService.processPendingOutboxEvents() hoàn tất trong 0 ms
2026-10-02 00:07:58.323 DEBUG [worker-service] [traceId=NO_TRACE] [tenantId=default] [   scheduling-1] c.liochio.common.advice.LoggingAspect    : [EXECUTION] com.liochio.worker.service.MailProcessingService.processPendingBatch() hoàn tất trong 2 ms
2026-10-02 00:07:59.980 DEBUG [worker-service] [traceId=NO_TRACE] [tenantId=default] [   scheduling-1] c.liochio.common.advice.LoggingAspect    : [EXECUTION] com.liochio.worker.service.OutboxProcessingService.processPendingOutboxEvents() hoàn tất trong 1 ms
2026-10-02 00:08:03.338 DEBUG [worker-service] [traceId=NO_TRACE] [tenantId=default] [   scheduling-1] c.liochio.common.advice.LoggingAspect    : [EXECUTION] com.liochio.worker.service.MailProcessingService.processPendingBatch() hoàn tất trong 1 ms
2026-10-02 00:08:04.995 DEBUG [worker-service] [traceId=NO_TRACE] [tenantId=default] [   scheduling-1] c.liochio.common.advice.LoggingAspect    : [EXECUTION] com.liochio.worker.service.OutboxProcessingService.processPendingOutboxEvents() hoàn tất trong 2 ms
2026-10-02 00:08:08.361 DEBUG [worker-service] [traceId=NO_TRACE] [tenantId=default] [   scheduling-1] c.liochio.common.advice.LoggingAspect    : [EXECUTION] com.liochio.worker.service.MailProcessingService.processPendingBatch() hoàn tất trong 3 ms
2026-10-02 00:08:10.012 DEBUG [worker-service] [traceId=NO_TRACE] [tenantId=default] [   scheduling-1] c.liochio.common.advice.LoggingAspect    : [EXECUTION] com.liochio.worker.service.OutboxProcessingService.processPendingOutboxEvents() hoàn tất trong 0 ms
2026-10-02 00:08:13.392 DEBUG [worker-service] [traceId=NO_TRACE] [tenantId=default] [   scheduling-1] c.liochio.common.advice.LoggingAspect    : [EXECUTION] com.liochio.worker.service.MailProcessingService.processPendingBatch() hoàn tất trong 4 ms
2026-10-02 00:08:15.035 DEBUG [worker-service] [traceId=NO_TRACE] [tenantId=default] [   scheduling-1] c.liochio.common.advice.LoggingAspect    : [EXECUTION] com.liochio.worker.service.OutboxProcessingService.processPendingOutboxEvents() hoàn tất trong 0 ms
2026-10-02 00:08:18.413 DEBUG [worker-service] [traceId=NO_TRACE] [tenantId=default] [   scheduling-1] c.liochio.common.advice.LoggingAspect    : [EXECUTION] com.liochio.worker.service.MailProcessingService.processPendingBatch() hoàn tất trong 1 ms
2026-10-02 00:08:20.046 DEBUG [worker-service] [traceId=NO_TRACE] [tenantId=default] [   scheduling-1] c.liochio.common.advice.LoggingAspect    : [EXECUTION] com.liochio.worker.service.OutboxProcessingService.processPendingOutboxEvents() hoàn tất trong 0 ms
2026-10-02 00:08:23.425 DEBUG [worker-service] [traceId=NO_TRACE] [tenantId=default] [   scheduling-1] c.liochio.common.advice.LoggingAspect    : [EXECUTION] com.liochio.worker.service.MailProcessingService.processPendingBatch() hoàn tất trong 2 ms
2026-10-02 00:08:25.064 DEBUG [worker-service] [traceId=NO_TRACE] [tenantId=default] [   scheduling-1] c.liochio.common.advice.LoggingAspect    : [EXECUTION] com.liochio.worker.service.OutboxProcessingService.processPendingOutboxEvents() hoàn tất trong 1 ms
2026-10-02 00:08:28.450 DEBUG [worker-service] [traceId=NO_TRACE] [tenantId=default] [   scheduling-1] c.liochio.common.advice.LoggingAspect    : [EXECUTION] com.liochio.worker.service.MailProcessingService.processPendingBatch() hoàn tất trong 1 ms
2026-10-02 00:08:30.078 DEBUG [worker-service] [traceId=NO_TRACE] [tenantId=default] [   scheduling-1] c.liochio.common.advice.LoggingAspect    : [EXECUTION] com.liochio.worker.service.OutboxProcessingService.processPendingOutboxEvents() hoàn tất trong 0 ms
2026-10-02 00:08:33.475 DEBUG [worker-service] [traceId=NO_TRACE] [tenantId=default] [   scheduling-1] c.liochio.common.advice.LoggingAspect    : [EXECUTION] com.liochio.worker.service.MailProcessingService.processPendingBatch() hoàn tất trong 3 ms
2026-10-02 00:08:35.100 DEBUG [worker-service] [traceId=NO_TRACE] [tenantId=default] [   scheduling-1] c.liochio.common.advice.LoggingAspect    : [EXECUTION] com.liochio.worker.service.OutboxProcessingService.processPendingOutboxEvents() hoàn tất trong 2 ms
2026-10-02 00:08:38.504 DEBUG [worker-service] [traceId=NO_TRACE] [tenantId=default] [   scheduling-1] c.liochio.common.advice.LoggingAspect    : [EXECUTION] com.liochio.worker.service.MailProcessingService.processPendingBatch() hoàn tất trong 2 ms
2026-10-02 00:08:40.111 DEBUG [worker-service] [traceId=NO_TRACE] [tenantId=default] [   scheduling-1] c.liochio.common.advice.LoggingAspect    : [EXECUTION] com.liochio.worker.service.OutboxProcessingService.processPendingOutboxEvents() hoàn tất trong 2 ms
2026-10-02 00:08:43.763 DEBUG [worker-service] [traceId=NO_TRACE] [tenantId=default] [   scheduling-1] c.liochio.common.advice.LoggingAspect    : [EXECUTION] com.liochio.worker.service.MailProcessingService.processPendingBatch() hoàn tất trong 3 ms
2026-10-02 00:08:45.127 DEBUG [worker-service] [traceId=NO_TRACE] [tenantId=default] [   scheduling-1] c.liochio.common.advice.LoggingAspect    : [EXECUTION] com.liochio.worker.service.OutboxProcessingService.processPendingOutboxEvents() hoàn tất trong 1 ms
2026-10-02 00:08:48.778 DEBUG [worker-service] [traceId=NO_TRACE] [tenantId=default] [   scheduling-1] c.liochio.common.advice.LoggingAspect    : [EXECUTION] com.liochio.worker.service.MailProcessingService.processPendingBatch() hoàn tất trong 2 ms
2026-10-02 00:08:50.150 DEBUG [worker-service] [traceId=NO_TRACE] [tenantId=default] [   scheduling-1] c.liochio.common.advice.LoggingAspect    : [EXECUTION] com.liochio.worker.service.OutboxProcessingService.processPendingOutboxEvents() hoàn tất trong 0 ms
2026-10-02 00:08:53.795 DEBUG [worker-service] [traceId=NO_TRACE] [tenantId=default] [   scheduling-1] c.liochio.common.advice.LoggingAspect    : [EXECUTION] com.liochio.worker.service.MailProcessingService.processPendingBatch() hoàn tất trong 1 ms
2026-10-02 00:08:55.167 DEBUG [worker-service] [traceId=NO_TRACE] [tenantId=default] [   scheduling-1] c.liochio.common.advice.LoggingAspect    : [EXECUTION] com.liochio.worker.service.OutboxProcessingService.processPendingOutboxEvents() hoàn tất trong 3 ms
2026-10-02 00:08:58.820 DEBUG [worker-service] [traceId=NO_TRACE] [tenantId=default] [   scheduling-1] c.liochio.common.advice.LoggingAspect    : [EXECUTION] com.liochio.worker.service.MailProcessingService.processPendingBatch() hoàn tất trong 3 ms
2026-10-02 00:09:00.193 DEBUG [worker-service] [traceId=NO_TRACE] [tenantId=default] [   scheduling-1] c.liochio.common.advice.LoggingAspect    : [EXECUTION] com.liochio.worker.service.OutboxProcessingService.processPendingOutboxEvents() hoàn tất trong 0 ms
2026-10-02 00:09:03.835 DEBUG [worker-service] [traceId=NO_TRACE] [tenantId=default] [   scheduling-1] c.liochio.common.advice.LoggingAspect    : [EXECUTION] com.liochio.worker.service.MailProcessingService.processPendingBatch() hoàn tất trong 3 ms
2026-10-02 00:09:05.217 DEBUG [worker-service] [traceId=NO_TRACE] [tenantId=default] [   scheduling-1] c.liochio.common.advice.LoggingAspect    : [EXECUTION] com.liochio.worker.service.OutboxProcessingService.processPendingOutboxEvents() hoàn tất trong 2 ms
2026-10-02 00:09:08.855 DEBUG [worker-service] [traceId=NO_TRACE] [tenantId=default] [   scheduling-1] c.liochio.common.advice.LoggingAspect    : [EXECUTION] com.liochio.worker.service.MailProcessingService.processPendingBatch() hoàn tất trong 1 ms
2026-10-02 00:09:10.233 DEBUG [worker-service] [traceId=NO_TRACE] [tenantId=default] [   scheduling-1] c.liochio.common.advice.LoggingAspect    : [EXECUTION] com.liochio.worker.service.OutboxProcessingService.processPendingOutboxEvents() hoàn tất trong 0 ms
2026-10-02 00:09:13.870 DEBUG [worker-service] [traceId=NO_TRACE] [tenantId=default] [   scheduling-1] c.liochio.common.advice.LoggingAspect    : [EXECUTION] com.liochio.worker.service.MailProcessingService.processPendingBatch() hoàn tất trong 3 ms
2026-10-02 00:09:15.243 DEBUG [worker-service] [traceId=NO_TRACE] [tenantId=default] [   scheduling-1] c.liochio.common.advice.LoggingAspect    : [EXECUTION] com.liochio.worker.service.OutboxProcessingService.processPendingOutboxEvents() hoàn tất trong 0 ms
2026-10-02 00:09:18.889 DEBUG [worker-service] [traceId=NO_TRACE] [tenantId=default] [   scheduling-1] c.liochio.common.advice.LoggingAspect    : [EXECUTION] com.liochio.worker.service.MailProcessingService.processPendingBatch() hoàn tất trong 3 ms
2026-10-02 00:09:21.199 DEBUG [worker-service] [traceId=NO_TRACE] [tenantId=default] [   scheduling-1] c.liochio.common.advice.LoggingAspect    : [EXECUTION] com.liochio.worker.service.OutboxProcessingService.processPendingOutboxEvents() hoàn tất trong 1 ms
2026-10-02 00:09:23.913 DEBUG [worker-service] [traceId=NO_TRACE] [tenantId=default] [   scheduling-1] c.liochio.common.advice.LoggingAspect    : [EXECUTION] com.liochio.worker.service.MailProcessingService.processPendingBatch() hoàn tất trong 3 ms
2026-10-02 00:09:26.219 DEBUG [worker-service] [traceId=NO_TRACE] [tenantId=default] [   scheduling-1] c.liochio.common.advice.LoggingAspect    : [EXECUTION] com.liochio.worker.service.OutboxProcessingService.processPendingOutboxEvents() hoàn tất trong 0 ms
2026-10-02 00:09:28.932 DEBUG [worker-service] [traceId=NO_TRACE] [tenantId=default] [   scheduling-1] c.liochio.common.advice.LoggingAspect    : [EXECUTION] com.liochio.worker.service.MailProcessingService.processPendingBatch() hoàn tất trong 3 ms
2026-10-02 00:09:31.241 DEBUG [worker-service] [traceId=NO_TRACE] [tenantId=default] [   scheduling-1] c.liochio.common.advice.LoggingAspect    : [EXECUTION] com.liochio.worker.service.OutboxProcessingService.processPendingOutboxEvents() hoàn tất trong 4 ms
2026-10-02 00:09:33.956 DEBUG [worker-service] [traceId=NO_TRACE] [tenantId=default] [   scheduling-1] c.liochio.common.advice.LoggingAspect    : [EXECUTION] com.liochio.worker.service.MailProcessingService.processPendingBatch() hoàn tất trong 7 ms
2026-10-02 00:09:36.797 DEBUG [worker-service] [traceId=NO_TRACE] [tenantId=default] [   scheduling-1] c.liochio.common.advice.LoggingAspect    : [EXECUTION] com.liochio.worker.service.OutboxProcessingService.processPendingOutboxEvents() hoàn tất trong 2 ms
2026-10-02 00:09:38.983 DEBUG [worker-service] [traceId=NO_TRACE] [tenantId=default] [   scheduling-1] c.liochio.common.advice.LoggingAspect    : [EXECUTION] com.liochio.worker.service.MailProcessingService.processPendingBatch() hoàn tất trong 2 ms
